Archive member included to satisfy reference by file (symbol)

/private/var/folders/5s/zdgmyl_x3j78f5jh7b12xr2r0000gn/T/arduino/sketches/641F1B77AC28B78CEB43E244C9FC8509/../../cores/e3c922334e8d4774697600179ee3a89c/core.a(Print.cpp.o)
                              /private/var/folders/5s/zdgmyl_x3j78f5jh7b12xr2r0000gn/T/arduino/sketches/641F1B77AC28B78CEB43E244C9FC8509/sketch/watering_system.ino.cpp.o (Print::print(char const*))
/private/var/folders/5s/zdgmyl_x3j78f5jh7b12xr2r0000gn/T/arduino/sketches/641F1B77AC28B78CEB43E244C9FC8509/../../cores/e3c922334e8d4774697600179ee3a89c/core.a(gcc_startup_nrf51.S.o)
                              (Reset_Handler)
/private/var/folders/5s/zdgmyl_x3j78f5jh7b12xr2r0000gn/T/arduino/sketches/641F1B77AC28B78CEB43E244C9FC8509/../../cores/e3c922334e8d4774697600179ee3a89c/core.a(system_nrf51.c.o)
                              /private/var/folders/5s/zdgmyl_x3j78f5jh7b12xr2r0000gn/T/arduino/sketches/641F1B77AC28B78CEB43E244C9FC8509/../../cores/e3c922334e8d4774697600179ee3a89c/core.a(gcc_startup_nrf51.S.o) (SystemInit)
/private/var/folders/5s/zdgmyl_x3j78f5jh7b12xr2r0000gn/T/arduino/sketches/641F1B77AC28B78CEB43E244C9FC8509/../../cores/e3c922334e8d4774697600179ee3a89c/core.a(Uart.cpp.o)
                              /private/var/folders/5s/zdgmyl_x3j78f5jh7b12xr2r0000gn/T/arduino/sketches/641F1B77AC28B78CEB43E244C9FC8509/sketch/watering_system.ino.cpp.o (Uart::begin(unsigned long))
/private/var/folders/5s/zdgmyl_x3j78f5jh7b12xr2r0000gn/T/arduino/sketches/641F1B77AC28B78CEB43E244C9FC8509/../../cores/e3c922334e8d4774697600179ee3a89c/core.a(abi.cpp.o)
                              /private/var/folders/5s/zdgmyl_x3j78f5jh7b12xr2r0000gn/T/arduino/sketches/641F1B77AC28B78CEB43E244C9FC8509/../../cores/e3c922334e8d4774697600179ee3a89c/core.a(Print.cpp.o) (__cxa_pure_virtual)
/private/var/folders/5s/zdgmyl_x3j78f5jh7b12xr2r0000gn/T/arduino/sketches/641F1B77AC28B78CEB43E244C9FC8509/../../cores/e3c922334e8d4774697600179ee3a89c/core.a(delay.c.o)
                              /private/var/folders/5s/zdgmyl_x3j78f5jh7b12xr2r0000gn/T/arduino/sketches/641F1B77AC28B78CEB43E244C9FC8509/sketch/watering_system.ino.cpp.o (millis)
/private/var/folders/5s/zdgmyl_x3j78f5jh7b12xr2r0000gn/T/arduino/sketches/641F1B77AC28B78CEB43E244C9FC8509/../../cores/e3c922334e8d4774697600179ee3a89c/core.a(hooks.c.o)
                              /private/var/folders/5s/zdgmyl_x3j78f5jh7b12xr2r0000gn/T/arduino/sketches/641F1B77AC28B78CEB43E244C9FC8509/../../cores/e3c922334e8d4774697600179ee3a89c/core.a(delay.c.o) (yield)
/private/var/folders/5s/zdgmyl_x3j78f5jh7b12xr2r0000gn/T/arduino/sketches/641F1B77AC28B78CEB43E244C9FC8509/../../cores/e3c922334e8d4774697600179ee3a89c/core.a(main.cpp.o)
                              /Users/peterscheidt/Library/Arduino15/packages/sandeepmistry/tools/gcc-arm-none-eabi/5_2-2015q4/bin/../lib/gcc/arm-none-eabi/5.2.1/../../../../arm-none-eabi/lib/armv6-m/crt0.o (main)
/private/var/folders/5s/zdgmyl_x3j78f5jh7b12xr2r0000gn/T/arduino/sketches/641F1B77AC28B78CEB43E244C9FC8509/../../cores/e3c922334e8d4774697600179ee3a89c/core.a(wiring.c.o)
                              /private/var/folders/5s/zdgmyl_x3j78f5jh7b12xr2r0000gn/T/arduino/sketches/641F1B77AC28B78CEB43E244C9FC8509/../../cores/e3c922334e8d4774697600179ee3a89c/core.a(main.cpp.o) (init)
/private/var/folders/5s/zdgmyl_x3j78f5jh7b12xr2r0000gn/T/arduino/sketches/641F1B77AC28B78CEB43E244C9FC8509/../../cores/e3c922334e8d4774697600179ee3a89c/core.a(wiring_digital.c.o)
                              /private/var/folders/5s/zdgmyl_x3j78f5jh7b12xr2r0000gn/T/arduino/sketches/641F1B77AC28B78CEB43E244C9FC8509/sketch/watering_system.ino.cpp.o (pinMode)
/private/var/folders/5s/zdgmyl_x3j78f5jh7b12xr2r0000gn/T/arduino/sketches/641F1B77AC28B78CEB43E244C9FC8509/../../cores/e3c922334e8d4774697600179ee3a89c/core.a(RingBuffer.cpp.o)
                              /private/var/folders/5s/zdgmyl_x3j78f5jh7b12xr2r0000gn/T/arduino/sketches/641F1B77AC28B78CEB43E244C9FC8509/../../cores/e3c922334e8d4774697600179ee3a89c/core.a(Uart.cpp.o) (RingBuffer::RingBuffer())
/Users/peterscheidt/Library/Arduino15/packages/sandeepmistry/tools/gcc-arm-none-eabi/5_2-2015q4/bin/../lib/gcc/arm-none-eabi/5.2.1/../../../../arm-none-eabi/lib/armv6-m/libm.a(lib_a-s_fpclassify.o)
                              /private/var/folders/5s/zdgmyl_x3j78f5jh7b12xr2r0000gn/T/arduino/sketches/641F1B77AC28B78CEB43E244C9FC8509/../../cores/e3c922334e8d4774697600179ee3a89c/core.a(Print.cpp.o) (__fpclassifyd)
/Users/peterscheidt/Library/Arduino15/packages/sandeepmistry/tools/gcc-arm-none-eabi/5_2-2015q4/bin/../lib/gcc/arm-none-eabi/5.2.1/armv6-m/libgcc.a(_thumb1_case_uqi.o)
                              /private/var/folders/5s/zdgmyl_x3j78f5jh7b12xr2r0000gn/T/arduino/sketches/641F1B77AC28B78CEB43E244C9FC8509/../../cores/e3c922334e8d4774697600179ee3a89c/core.a(wiring_digital.c.o) (__gnu_thumb1_case_uqi)
[...]
Memory Configuration

Name             Origin             Length             Attributes
FLASH            0x0000000000000000 0x0000000000040000 xr
RAM              0x0000000020000000 0x0000000000004000 xrw
*default*        0x0000000000000000 0xffffffffffffffff

Linker script and memory map

LOAD /Users/peterscheidt/Library/Arduino15/packages/sandeepmistry/tools/gcc-arm-none-eabi/5_2-2015q4/bin/../lib/gcc/arm-none-eabi/5.2.1/armv6-m/crti.o
LOAD /Users/peterscheidt/Library/Arduino15/packages/sandeepmistry/tools/gcc-arm-none-eabi/5_2-2015q4/bin/../lib/gcc/arm-none-eabi/5.2.1/armv6-m/crtbegin.o
LOAD /Users/peterscheidt/Library/Arduino15/packages/sandeepmistry/tools/gcc-arm-none-eabi/5_2-2015q4/bin/../lib/gcc/arm-none-eabi/5.2.1/../../../../arm-none-eabi/lib/armv6-m/crt0.o
LOAD /private/var/folders/5s/zdgmyl_x3j78f5jh7b12xr2r0000gn/T/arduino/sketches/641F1B77AC28B78CEB43E244C9FC8509/sketch/watering_system.ino.cpp.o
LOAD /private/var/folders/5s/zdgmyl_x3j78f5jh7b12xr2r0000gn/T/arduino/sketches/641F1B77AC28B78CEB43E244C9FC8509/core/variant.cpp.o
START GROUP
LOAD /Users/peterscheidt/Library/Arduino15/packages/sandeepmistry/tools/gcc-arm-none-eabi/5_2-2015q4/bin/../lib/gcc/arm-none-eabi/5.2.1/../../../../arm-none-eabi/lib/armv6-m/libm.a
LOAD /private/var/folders/5s/zdgmyl_x3j78f5jh7b12xr2r0000gn/T/arduino/sketches/641F1B77AC28B78CEB43E244C9FC8509/../../cores/e3c922334e8d4774697600179ee3a89c/core.a
END GROUP
START GROUP
LOAD /Users/peterscheidt/Library/Arduino15/packages/sandeepmistry/tools/gcc-arm-none-eabi/5_2-2015q4/bin/../lib/gcc/arm-none-eabi/5.2.1/armv6-m/libgcc.a
LOAD /Users/peterscheidt/Library/Arduino15/packages/sandeepmistry/tools/gcc-arm-none-eabi/5_2-2015q4/bin/../lib/gcc/arm-none-eabi/5.2.1/../../../../arm-none-eabi/lib/armv6-m/libc_nano.a
END GROUP
START GROUP
LOAD /Users/peterscheidt/Library/Arduino15/packages/sandeepmistry/tools/gcc-arm-none-eabi/5_2-2015q4/bin/../lib/gcc/arm-none-eabi/5.2.1/armv6-m/libgcc.a
LOAD /Users/peterscheidt/Library/Arduino15/packages/sandeepmistry/tools/gcc-arm-none-eabi/5_2-2015q4/bin/../lib/gcc/arm-none-eabi/5.2.1/../../../../arm-none-eabi/lib/armv6-m/libc_nano.a
LOAD /Users/peterscheidt/Library/Arduino15/packages/sandeepmistry/tools/gcc-arm-none-eabi/5_2-2015q4/bin/../lib/gcc/arm-none-eabi/5.2.1/../../../../arm-none-eabi/lib/armv6-m/libnosys.a
END GROUP
START GROUP
LOAD /Users/peterscheidt/Library/Arduino15/packages/sandeepmistry/tools/gcc-arm-none-eabi/5_2-2015q4/bin/../lib/gcc/arm-none-eabi/5.2.1/armv6-m/libgcc.a
LOAD /Users/peterscheidt/Library/Arduino15/packages/sandeepmistry/tools/gcc-arm-none-eabi/5_2-2015q4/bin/../lib/gcc/arm-none-eabi/5.2.1/../../../../arm-none-eabi/lib/armv6-m/libc_nano.a
LOAD /Users/peterscheidt/Library/Arduino15/packages/sandeepmistry/tools/gcc-arm-none-eabi/5_2-2015q4/bin/../lib/gcc/arm-none-eabi/5.2.1/../../../../arm-none-eabi/lib/armv6-m/libnosys.a
END GROUP
LOAD /Users/peterscheidt/Library/Arduino15/packages/sandeepmistry/tools/gcc-arm-none-eabi/5_2-2015q4/bin/../lib/gcc/arm-none-eabi/5.2.1/armv6-m/crtend.o
LOAD /Users/peterscheidt/Library/Arduino15/packages/sandeepmistry/tools/gcc-arm-none-eabi/5_2-2015q4/bin/../lib/gcc/arm-none-eabi/5.2.1/armv6-m/crtn.o
START GROUP
LOAD /Users/peterscheidt/Library/Arduino15/packages/sandeepmistry/tools/gcc-arm-none-eabi/5_2-2015q4/bin/../lib/gcc/arm-none-eabi/5.2.1/armv6-m/libgcc.a
LOAD /Users/peterscheidt/Library/Arduino15/packages/sandeepmistry/tools/gcc-arm-none-eabi/5_2-2015q4/bin/../lib/gcc/arm-none-eabi/5.2.1/../../../../arm-none-eabi/lib/armv6-m/libc.a
LOAD /Users/peterscheidt/Library/Arduino15/packages/sandeepmistry/tools/gcc-arm-none-eabi/5_2-2015q4/bin/../lib/gcc/arm-none-eabi/5.2.1/../../../../arm-none-eabi/lib/armv6-m/libnosys.a
END GROUP

.text           0x0000000000000000      0xd1c
 *(.isr_vector)
 .isr_vector    0x0000000000000000       0xc0 /private/var/folders/5s/zdgmyl_x3j78f5jh7b12xr2r0000gn/T/arduino/sketches/641F1B77AC28B78CEB43E244C9FC8509/../../cores/e3c922334e8d4774697600179ee3a89c/core.a(gcc_startup_nrf51.S.o)
                0x0000000000000000                __isr_vector
 *(.text*)
 .text          0x00000000000000c0       0xb4 /Users/peterscheidt/Library/Arduino15/packages/sandeepmistry/tools/gcc-arm-none-eabi/5_2-2015q4/bin/../lib/gcc/arm-none-eabi/5.2.1/armv6-m/crtbegin.o
 .text          0x0000000000000174       0x78 /Users/peterscheidt/Library/Arduino15/packages/sandeepmistry/tools/gcc-arm-none-eabi/5_2-2015q4/bin/../lib/gcc/arm-none-eabi/5.2.1/../../../../arm-none-eabi/lib/armv6-m/crt0.o
                0x0000000000000174                _mainCRTStartup
                0x0000000000000174                _start
 .text._Z5ledOni
                0x00000000000001ec        0xa /private/var/folders/5s/zdgmyl_x3j78f5jh7b12xr2r0000gn/T/arduino/sketches/641F1B77AC28B78CEB43E244C9FC8509/sketch/watering_system.ino.cpp.o
                0x00000000000001ec                ledOn(int)
 .text._Z6ledOffi
                0x00000000000001f6        0xa /private/var/folders/5s/zdgmyl_x3j78f5jh7b12xr2r0000gn/T/arduino/sketches/641F1B77AC28B78CEB43E244C9FC8509/sketch/watering_system.ino.cpp.o
                0x00000000000001f6                ledOff(int)
 .text._Z5blinkiiii
                0x0000000000000200       0x2e /private/var/folders/5s/zdgmyl_x3j78f5jh7b12xr2r0000gn/T/arduino/sketches/641F1B77AC28B78CEB43E244C9FC8509/sketch/watering_system.ino.cpp.o
                0x0000000000000200                blink(int, int, int, int)
 .text._Z9openValvev
                0x000000000000022e        0xc /private/var/folders/5s/zdgmyl_x3j78f5jh7b12xr2r0000gn/T/arduino/sketches/641F1B77AC28B78CEB43E244C9FC8509/sketch/watering_system.ino.cpp.o
                0x000000000000022e                openValve()
 .text._Z10closeValvev
                0x000000000000023a        0xc /private/var/folders/5s/zdgmyl_x3j78f5jh7b12xr2r0000gn/T/arduino/sketches/641F1B77AC28B78CEB43E244C9FC8509/sketch/watering_system.ino.cpp.o
                0x000000000000023a                closeValve()
 *fill*         0x0000000000000246        0x2 
 .text._Z10waterCyclev
                0x0000000000000248       0x54 /private/var/folders/5s/zdgmyl_x3j78f5jh7b12xr2r0000gn/T/arduino/sketches/641F1B77AC28B78CEB43E244C9FC8509/sketch/watering_system.ino.cpp.o
                0x0000000000000248                waterCycle()
 .text.loop     0x000000000000029c       0x30 /private/var/folders/5s/zdgmyl_x3j78f5jh7b12xr2r0000gn/T/arduino/sketches/641F1B77AC28B78CEB43E244C9FC8509/sketch/watering_system.ino.cpp.o
                0x000000000000029c                loop
 .text.setup    0x00000000000002cc       0xa8 /private/var/folders/5s/zdgmyl_x3j78f5jh7b12xr2r0000gn/T/arduino/sketches/641F1B77AC28B78CEB43E244C9FC8509/sketch/watering_system.ino.cpp.o
                0x00000000000002cc                setup
 .text._ZN5Print5writeEPKhj
                0x0000000000000374       0x28 /private/var/folders/5s/zdgmyl_x3j78f5jh7b12xr2r0000gn/T/arduino/sketches/641F1B77AC28B78CEB43E244C9FC8509/../../cores/e3c922334e8d4774697600179ee3a89c/core.a(Print.cpp.o)
                0x0000000000000374                Print::write(unsigned char const*, unsigned int)
 .text._ZN5Print5writeEPKc
                0x000000000000039c       0x1c /private/var/folders/5s/zdgmyl_x3j78f5jh7b12xr2r0000gn/T/arduino/sketches/641F1B77AC28B78CEB43E244C9FC8509/../../cores/e3c922334e8d4774697600179ee3a89c/core.a(Print.cpp.o)
                0x000000000000039c                Print::write(char const*)
 .text._ZN5Print5printEPKc
                0x00000000000003b8        0x8 /private/var/folders/5s/zdgmyl_x3j78f5jh7b12xr2r0000gn/T/arduino/sketches/641F1B77AC28B78CEB43E244C9FC8509/../../cores/e3c922334e8d4774697600179ee3a89c/core.a(Print.cpp.o)
                0x00000000000003b8                Print::print(char const*)
 .text._ZN5Print5printEc
                0x00000000000003c0        0xa /private/var/folders/5s/zdgmyl_x3j78f5jh7b12xr2r0000gn/T/arduino/sketches/641F1B77AC28B78CEB43E244C9FC8509/../../cores/e3c922334e8d4774697600179ee3a89c/core.a(Print.cpp.o)
                0x00000000000003c0                Print::print(char)
 *fill*         0x00000000000003ca        0x2 
 .text._ZN5Print7printlnEv
                0x00000000000003cc       0x10 /private/var/folders/5s/zdgmyl_x3j78f5jh7b12xr2r0000gn/T/arduino/sketches/641F1B77AC28B78CEB43E244C9FC8509/../../cores/e3c922334e8d4774697600179ee3a89c/core.a(Print.cpp.o)
                0x00000000000003cc                Print::println()
 .text._ZN5Print7printlnEPKc
                0x00000000000003dc       0x14 /private/var/folders/5s/zdgmyl_x3j78f5jh7b12xr2r0000gn/T/arduino/sketches/641F1B77AC28B78CEB43E244C9FC8509/../../cores/e3c922334e8d4774697600179ee3a89c/core.a(Print.cpp.o)
                0x00000000000003dc                Print::println(char const*)
 .text._ZN5Print11printNumberEmh
                0x00000000000003f0       0x56 /private/var/folders/5s/zdgmyl_x3j78f5jh7b12xr2r0000gn/T/arduino/sketches/641F1B77AC28B78CEB43E244C9FC8509/../../cores/e3c922334e8d4774697600179ee3a89c/core.a(Print.cpp.o)
                0x00000000000003f0                Print::printNumber(unsigned long, unsigned char)
 .text._ZN5Print5printEli
                0x0000000000000446       0x40 /private/var/folders/5s/zdgmyl_x3j78f5jh7b12xr2r0000gn/T/arduino/sketches/641F1B77AC28B78CEB43E244C9FC8509/../../cores/e3c922334e8d4774697600179ee3a89c/core.a(Print.cpp.o)
                0x0000000000000446                Print::print(long, int)
 .text._ZN5Print5printEii
                0x0000000000000486        0x8 /private/var/folders/5s/zdgmyl_x3j78f5jh7b12xr2r0000gn/T/arduino/sketches/641F1B77AC28B78CEB43E244C9FC8509/../../cores/e3c922334e8d4774697600179ee3a89c/core.a(Print.cpp.o)
                0x0000000000000486                Print::print(int, int)
 *fill*         0x000000000000048e        0x2 
 .text          0x0000000000000490       0x4c /private/var/folders/5s/zdgmyl_x3j78f5jh7b12xr2r0000gn/T/arduino/sketches/641F1B77AC28B78CEB43E244C9FC8509/../../cores/e3c922334e8d4774697600179ee3a89c/core.a(gcc_startup_nrf51.S.o)
                0x0000000000000490                Reset_Handler
                0x00000000000004d0                NMI_Handler
                0x00000000000004d2                HardFault_Handler
                0x00000000000004d4                SVC_Handler
                0x00000000000004d6                PendSV_Handler
                0x00000000000004d8                SysTick_Handler
                0x00000000000004da                LPCOMP_IRQHandler
                0x00000000000004da                SWI4_IRQHandler
                0x00000000000004da                TEMP_IRQHandler
                0x00000000000004da                QDEC_IRQHandler
                0x00000000000004da                SWI5_IRQHandler
                0x00000000000004da                TIMER0_IRQHandler
                0x00000000000004da                SWI0_IRQHandler
                0x00000000000004da                TIMER1_IRQHandler
                0x00000000000004da                ECB_IRQHandler
                0x00000000000004da                Default_Handler
                0x00000000000004da                ADC_IRQHandler
                0x00000000000004da                SWI3_IRQHandler
                0x00000000000004da                CCM_AAR_IRQHandler
                0x00000000000004da                WDT_IRQHandler
                0x00000000000004da                SWI2_IRQHandler
                0x00000000000004da                RNG_IRQHandler
                0x00000000000004da                SPI1_TWI1_IRQHandler
                0x00000000000004da                TIMER2_IRQHandler
                0x00000000000004da                SWI1_IRQHandler
                0x00000000000004da                SPI0_TWI0_IRQHandler
                0x00000000000004da                RTC0_IRQHandler
                0x00000000000004da                GPIOTE_IRQHandler
                0x00000000000004da                POWER_CLOCK_IRQHandler
                0x00000000000004da                RADIO_IRQHandler
 .text.SystemInit
                0x00000000000004dc       0x10 /private/var/folders/5s/zdgmyl_x3j78f5jh7b12xr2r0000gn/T/arduino/sketches/641F1B77AC28B78CEB43E244C9FC8509/../../cores/e3c922334e8d4774697600179ee3a89c/core.a(system_nrf51.c.o)
                0x00000000000004dc                SystemInit
 .text._ZN4UartcvbEv
                0x00000000000004ec        0x4 /private/var/folders/5s/zdgmyl_x3j78f5jh7b12xr2r0000gn/T/arduino/sketches/641F1B77AC28B78CEB43E244C9FC8509/../../cores/e3c922334e8d4774697600179ee3a89c/core.a(Uart.cpp.o)
                0x00000000000004ec                Uart::operator bool()
 .text._ZN4Uart5beginEm
                0x00000000000004f0        0xc /private/var/folders/5s/zdgmyl_x3j78f5jh7b12xr2r0000gn/T/arduino/sketches/641F1B77AC28B78CEB43E244C9FC8509/../../cores/e3c922334e8d4774697600179ee3a89c/core.a(Uart.cpp.o)
                0x00000000000004f0                Uart::begin(unsigned long)
 .text._ZN4Uart5flushEv
                0x00000000000004fc        0x2 /private/var/folders/5s/zdgmyl_x3j78f5jh7b12xr2r0000gn/T/arduino/sketches/641F1B77AC28B78CEB43E244C9FC8509/../../cores/e3c922334e8d4774697600179ee3a89c/core.a(Uart.cpp.o)
                0x00000000000004fc                Uart::flush()
 *fill*         0x00000000000004fe        0x2 
 .text._ZN4Uart5writeEh
                0x0000000000000500       0x1c /private/var/folders/5s/zdgmyl_x3j78f5jh7b12xr2r0000gn/T/arduino/sketches/641F1B77AC28B78CEB43E244C9FC8509/../../cores/e3c922334e8d4774697600179ee3a89c/core.a(Uart.cpp.o)
                0x0000000000000500                Uart::write(unsigned char)
 .text._ZN4Uart3endEv
                0x000000000000051c       0x54 /private/var/folders/5s/zdgmyl_x3j78f5jh7b12xr2r0000gn/T/arduino/sketches/641F1B77AC28B78CEB43E244C9FC8509/../../cores/e3c922334e8d4774697600179ee3a89c/core.a(Uart.cpp.o)
                0x000000000000051c                Uart::end()
 .text._ZN4Uart9availableEv
                0x0000000000000570        0xa /private/var/folders/5s/zdgmyl_x3j78f5jh7b12xr2r0000gn/T/arduino/sketches/641F1B77AC28B78CEB43E244C9FC8509/../../cores/e3c922334e8d4774697600179ee3a89c/core.a(Uart.cpp.o)
                0x0000000000000570                Uart::available()
 .text._ZN4Uart4peekEv
                0x000000000000057a        0xa /private/var/folders/5s/zdgmyl_x3j78f5jh7b12xr2r0000gn/T/arduino/sketches/641F1B77AC28B78CEB43E244C9FC8509/../../cores/e3c922334e8d4774697600179ee3a89c/core.a(Uart.cpp.o)
                0x000000000000057a                Uart::peek()
 .text._ZN4Uart4readEv
                0x0000000000000584        0xa /private/var/folders/5s/zdgmyl_x3j78f5jh7b12xr2r0000gn/T/arduino/sketches/641F1B77AC28B78CEB43E244C9FC8509/../../cores/e3c922334e8d4774697600179ee3a89c/core.a(Uart.cpp.o)
                0x0000000000000584                Uart::read()
 *fill*         0x000000000000058e        0x2 
 .text._ZN4Uart5beginEmt
                0x0000000000000590      0x1d4 /private/var/folders/5s/zdgmyl_x3j78f5jh7b12xr2r0000gn/T/arduino/sketches/641F1B77AC28B78CEB43E244C9FC8509/../../cores/e3c922334e8d4774697600179ee3a89c/core.a(Uart.cpp.o)
                0x0000000000000590                Uart::begin(unsigned long, unsigned short)
 .text._ZN4UartC2EP13NRF_UART_Type9IRQn_Typehhhh
                0x0000000000000764       0x80 /private/var/folders/5s/zdgmyl_x3j78f5jh7b12xr2r0000gn/T/arduino/sketches/641F1B77AC28B78CEB43E244C9FC8509/../../cores/e3c922334e8d4774697600179ee3a89c/core.a(Uart.cpp.o)
                0x0000000000000764                Uart::Uart(NRF_UART_Type*, IRQn_Type, unsigned char, unsigned char, unsigned char, unsigned char)
                0x0000000000000764                Uart::Uart(NRF_UART_Type*, IRQn_Type, unsigned char, unsigned char, unsigned char, unsigned char)
 .text._ZN4Uart10IrqHandlerEv
                0x00000000000007e4       0x28 /private/var/folders/5s/zdgmyl_x3j78f5jh7b12xr2r0000gn/T/arduino/sketches/641F1B77AC28B78CEB43E244C9FC8509/../../cores/e3c922334e8d4774697600179ee3a89c/core.a(Uart.cpp.o)
                0x00000000000007e4                Uart::IrqHandler()
 .text.UART0_IRQHandler
                0x000000000000080c       0x10 /private/var/folders/5s/zdgmyl_x3j78f5jh7b12xr2r0000gn/T/arduino/sketches/641F1B77AC28B78CEB43E244C9FC8509/../../cores/e3c922334e8d4774697600179ee3a89c/core.a(Uart.cpp.o)
                0x000000000000080c                UART0_IRQHandler
 .text.startup._GLOBAL__sub_I__ZN4UartC2EP13NRF_UART_Type9IRQn_Typehh
                0x000000000000081c       0x24 /private/var/folders/5s/zdgmyl_x3j78f5jh7b12xr2r0000gn/T/arduino/sketches/641F1B77AC28B78CEB43E244C9FC8509/../../cores/e3c922334e8d4774697600179ee3a89c/core.a(Uart.cpp.o)
 .text.millis   0x0000000000000840       0x30 /private/var/folders/5s/zdgmyl_x3j78f5jh7b12xr2r0000gn/T/arduino/sketches/641F1B77AC28B78CEB43E244C9FC8509/../../cores/e3c922334e8d4774697600179ee3a89c/core.a(delay.c.o)
                0x0000000000000840                millis
 .text.delay    0x0000000000000870       0x1c /private/var/folders/5s/zdgmyl_x3j78f5jh7b12xr2r0000gn/T/arduino/sketches/641F1B77AC28B78CEB43E244C9FC8509/../../cores/e3c922334e8d4774697600179ee3a89c/core.a(delay.c.o)
                0x0000000000000870                delay
 .text.RTC1_IRQHandler
                0x000000000000088c       0x1c /private/var/folders/5s/zdgmyl_x3j78f5jh7b12xr2r0000gn/T/arduino/sketches/641F1B77AC28B78CEB43E244C9FC8509/../../cores/e3c922334e8d4774697600179ee3a89c/core.a(delay.c.o)
                0x000000000000088c                RTC1_IRQHandler
 .text.__empty  0x00000000000008a8        0x2 /private/var/folders/5s/zdgmyl_x3j78f5jh7b12xr2r0000gn/T/arduino/sketches/641F1B77AC28B78CEB43E244C9FC8509/../../cores/e3c922334e8d4774697600179ee3a89c/core.a(hooks.c.o)
                0x00000000000008a8                yield
 .text._Z11initVariantv
                0x00000000000008aa        0x2 /private/var/folders/5s/zdgmyl_x3j78f5jh7b12xr2r0000gn/T/arduino/sketches/641F1B77AC28B78CEB43E244C9FC8509/../../cores/e3c922334e8d4774697600179ee3a89c/core.a(main.cpp.o)
                0x00000000000008aa                initVariant()
 .text.startup.main
                0x00000000000008ac       0x28 /private/var/folders/5s/zdgmyl_x3j78f5jh7b12xr2r0000gn/T/arduino/sketches/641F1B77AC28B78CEB43E244C9FC8509/../../cores/e3c922334e8d4774697600179ee3a89c/core.a(main.cpp.o)
                0x00000000000008ac                main
 .text.init     0x00000000000008d4       0x54 /private/var/folders/5s/zdgmyl_x3j78f5jh7b12xr2r0000gn/T/arduino/sketches/641F1B77AC28B78CEB43E244C9FC8509/../../cores/e3c922334e8d4774697600179ee3a89c/core.a(wiring.c.o)
                0x00000000000008d4                init
 .text.pinMode  0x0000000000000928       0x3c /private/var/folders/5s/zdgmyl_x3j78f5jh7b12xr2r0000gn/T/arduino/sketches/641F1B77AC28B78CEB43E244C9FC8509/../../cores/e3c922334e8d4774697600179ee3a89c/core.a(wiring_digital.c.o)
                0x0000000000000928                pinMode
 .text.digitalWrite
                0x0000000000000964       0x2c /private/var/folders/5s/zdgmyl_x3j78f5jh7b12xr2r0000gn/T/arduino/sketches/641F1B77AC28B78CEB43E244C9FC8509/../../cores/e3c922334e8d4774697600179ee3a89c/core.a(wiring_digital.c.o)
                0x0000000000000964                digitalWrite
 .text._ZN10RingBufferC2Ev
                0x0000000000000990       0x16 /private/var/folders/5s/zdgmyl_x3j78f5jh7b12xr2r0000gn/T/arduino/sketches/641F1B77AC28B78CEB43E244C9FC8509/../../cores/e3c922334e8d4774697600179ee3a89c/core.a(RingBuffer.cpp.o)
                0x0000000000000990                RingBuffer::RingBuffer()
                0x0000000000000990                RingBuffer::RingBuffer()
 .text._ZN10RingBuffer10store_charEh
                0x00000000000009a6       0x16 /private/var/folders/5s/zdgmyl_x3j78f5jh7b12xr2r0000gn/T/arduino/sketches/641F1B77AC28B78CEB43E244C9FC8509/../../cores/e3c922334e8d4774697600179ee3a89c/core.a(RingBuffer.cpp.o)
                0x00000000000009a6                RingBuffer::store_char(unsigned char)
 .text._ZN10RingBuffer5clearEv
                0x00000000000009bc        0x8 /private/var/folders/5s/zdgmyl_x3j78f5jh7b12xr2r0000gn/T/arduino/sketches/641F1B77AC28B78CEB43E244C9FC8509/../../cores/e3c922334e8d4774697600179ee3a89c/core.a(RingBuffer.cpp.o)
                0x00000000000009bc                RingBuffer::clear()
 .text._ZN10RingBuffer9read_charEv
                0x00000000000009c4       0x1c /private/var/folders/5s/zdgmyl_x3j78f5jh7b12xr2r0000gn/T/arduino/sketches/641F1B77AC28B78CEB43E244C9FC8509/../../cores/e3c922334e8d4774697600179ee3a89c/core.a(RingBuffer.cpp.o)
                0x00000000000009c4                RingBuffer::read_char()
 .text._ZN10RingBuffer9availableEv
                0x00000000000009e0        0xc /private/var/folders/5s/zdgmyl_x3j78f5jh7b12xr2r0000gn/T/arduino/sketches/641F1B77AC28B78CEB43E244C9FC8509/../../cores/e3c922334e8d4774697600179ee3a89c/core.a(RingBuffer.cpp.o)
                0x00000000000009e0                RingBuffer::available()
 .text._ZN10RingBuffer4peekEv
                0x00000000000009ec       0x12 /private/var/folders/5s/zdgmyl_x3j78f5jh7b12xr2r0000gn/T/arduino/sketches/641F1B77AC28B78CEB43E244C9FC8509/../../cores/e3c922334e8d4774697600179ee3a89c/core.a(RingBuffer.cpp.o)
                0x00000000000009ec                RingBuffer::peek()
 *fill*         0x00000000000009fe        0x2 
 .text          0x0000000000000a00       0x14 /Users/peterscheidt/Library/Arduino15/packages/sandeepmistry/tools/gcc-arm-none-eabi/5_2-2015q4/bin/../lib/gcc/arm-none-eabi/5.2.1/armv6-m/libgcc.a(_thumb1_case_uqi.o)
                0x0000000000000a00                __gnu_thumb1_case_uqi
 .text          0x0000000000000a14      0x114 /Users/peterscheidt/Library/Arduino15/packages/sandeepmistry/tools/gcc-arm-none-eabi/5_2-2015q4/bin/../lib/gcc/arm-none-eabi/5.2.1/armv6-m/libgcc.a(_udivsi3.o)
                0x0000000000000a14                __udivsi3
                0x0000000000000a14                __aeabi_uidiv
                0x0000000000000b20                __aeabi_uidivmod
 .text          0x0000000000000b28        0x4 /Users/peterscheidt/Library/Arduino15/packages/sandeepmistry/tools/gcc-arm-none-eabi/5_2-2015q4/bin/../lib/gcc/arm-none-eabi/5.2.1/armv6-m/libgcc.a(_dvmd_tls.o)
                0x0000000000000b28                __aeabi_ldiv0
                0x0000000000000b28                __aeabi_idiv0
 .text          0x0000000000000b2c       0x58 /Users/peterscheidt/Library/Arduino15/packages/sandeepmistry/tools/gcc-arm-none-eabi/5_2-2015q4/bin/../lib/gcc/arm-none-eabi/5.2.1/armv6-m/libgcc.a(_muldi3.o)
                0x0000000000000b2c                __aeabi_lmul
                0x0000000000000b2c                __muldi3
 .text.exit     0x0000000000000b84       0x2c /Users/peterscheidt/Library/Arduino15/packages/sandeepmistry/tools/gcc-arm-none-eabi/5_2-2015q4/bin/../lib/gcc/arm-none-eabi/5.2.1/../../../../arm-none-eabi/lib/armv6-m/libc_nano.a(lib_a-exit.o)
                0x0000000000000b84                exit
 .text.__libc_init_array
                0x0000000000000bb0       0x4c /Users/peterscheidt/Library/Arduino15/packages/sandeepmistry/tools/gcc-arm-none-eabi/5_2-2015q4/bin/../lib/gcc/arm-none-eabi/5.2.1/../../../../arm-none-eabi/lib/armv6-m/libc_nano.a(lib_a-init.o)
                0x0000000000000bb0                __libc_init_array
 .text.memset   0x0000000000000bfc       0x10 /Users/peterscheidt/Library/Arduino15/packages/sandeepmistry/tools/gcc-arm-none-eabi/5_2-2015q4/bin/../lib/gcc/arm-none-eabi/5.2.1/../../../../arm-none-eabi/lib/armv6-m/libc_nano.a(lib_a-memset.o)
                0x0000000000000bfc                memset
 .text          0x0000000000000c0c        0xe /Users/peterscheidt/Library/Arduino15/packages/sandeepmistry/tools/gcc-arm-none-eabi/5_2-2015q4/bin/../lib/gcc/arm-none-eabi/5.2.1/../../../../arm-none-eabi/lib/armv6-m/libc_nano.a(lib_a-strlen.o)
                0x0000000000000c0c                strlen
 *fill*         0x0000000000000c1a        0x2 
 .text._exit    0x0000000000000c1c        0x4 /Users/peterscheidt/Library/Arduino15/packages/sandeepmistry/tools/gcc-arm-none-eabi/5_2-2015q4/bin/../lib/gcc/arm-none-eabi/5.2.1/../../../../arm-none-eabi/lib/armv6-m/libnosys.a(_exit.o)
                0x0000000000000c1c                _exit
 *(.init)
 .init          0x0000000000000c20        0x4 /Users/peterscheidt/Library/Arduino15/packages/sandeepmistry/tools/gcc-arm-none-eabi/5_2-2015q4/bin/../lib/gcc/arm-none-eabi/5.2.1/armv6-m/crti.o
                0x0000000000000c20                _init
 .init          0x0000000000000c24        0x8 /Users/peterscheidt/Library/Arduino15/packages/sandeepmistry/tools/gcc-arm-none-eabi/5_2-2015q4/bin/../lib/gcc/arm-none-eabi/5.2.1/armv6-m/crtn.o
 *(.fini)
 .fini          0x0000000000000c2c        0x4 /Users/peterscheidt/Library/Arduino15/packages/sandeepmistry/tools/gcc-arm-none-eabi/5_2-2015q4/bin/../lib/gcc/arm-none-eabi/5.2.1/armv6-m/crti.o
                0x0000000000000c2c                _fini
 .fini          0x0000000000000c30        0x8 /Users/peterscheidt/Library/Arduino15/packages/sandeepmistry/tools/gcc-arm-none-eabi/5_2-2015q4/bin/../lib/gcc/arm-none-eabi/5.2.1/armv6-m/crtn.o
 *crtbegin.o(.ctors)
 *crtbegin?.o(.ctors)
 *(EXCLUDE_FILE(*crtend.o *crtend?.o) .ctors)
 *(SORT(.ctors.*))
 *(.ctors)
 *crtbegin.o(.dtors)
 *crtbegin?.o(.dtors)
 *(EXCLUDE_FILE(*crtend.o *crtend?.o) .dtors)
 *(SORT(.dtors.*))
 *(.dtors)
 *(.rodata*)
 .rodata.str1.1
                0x0000000000000c38       0x76 /private/var/folders/5s/zdgmyl_x3j78f5jh7b12xr2r0000gn/T/arduino/sketches/641F1B77AC28B78CEB43E244C9FC8509/sketch/watering_system.ino.cpp.o
 *fill*         0x0000000000000cae        0x2 
 .rodata.g_ADigitalPinMap
                0x0000000000000cb0       0x1c /private/var/folders/5s/zdgmyl_x3j78f5jh7b12xr2r0000gn/T/arduino/sketches/641F1B77AC28B78CEB43E244C9FC8509/core/variant.cpp.o
                0x0000000000000cb0                g_ADigitalPinMap
 .rodata.str1.1
                0x0000000000000ccc       0x11 /private/var/folders/5s/zdgmyl_x3j78f5jh7b12xr2r0000gn/T/arduino/sketches/641F1B77AC28B78CEB43E244C9FC8509/../../cores/e3c922334e8d4774697600179ee3a89c/core.a(Print.cpp.o)
 *fill*         0x0000000000000cdd        0x3 
 .rodata._ZTV4Uart
                0x0000000000000ce0       0x30 /private/var/folders/5s/zdgmyl_x3j78f5jh7b12xr2r0000gn/T/arduino/sketches/641F1B77AC28B78CEB43E244C9FC8509/../../cores/e3c922334e8d4774697600179ee3a89c/core.a(Uart.cpp.o)
                0x0000000000000ce0                vtable for Uart
 .rodata.str1.1
                0x0000000000000d10        0x2 /Users/peterscheidt/Library/Arduino15/packages/sandeepmistry/tools/gcc-arm-none-eabi/5_2-2015q4/bin/../lib/gcc/arm-none-eabi/5.2.1/../../../../arm-none-eabi/lib/armv6-m/libc_nano.a(lib_a-impure.o)
 *fill*         0x0000000000000d12        0x2 
 .rodata._global_impure_ptr
                0x0000000000000d14        0x4 /Users/peterscheidt/Library/Arduino15/packages/sandeepmistry/tools/gcc-arm-none-eabi/5_2-2015q4/bin/../lib/gcc/arm-none-eabi/5.2.1/../../../../arm-none-eabi/lib/armv6-m/libc_nano.a(lib_a-impure.o)
                0x0000000000000d14                _global_impure_ptr
 *(.eh_frame*)
 .eh_frame      0x0000000000000d18        0x0 /Users/peterscheidt/Library/Arduino15/packages/sandeepmistry/tools/gcc-arm-none-eabi/5_2-2015q4/bin/../lib/gcc/arm-none-eabi/5.2.1/armv6-m/crtbegin.o
 .eh_frame      0x0000000000000d18        0x4 /Users/peterscheidt/Library/Arduino15/packages/sandeepmistry/tools/gcc-arm-none-eabi/5_2-2015q4/bin/../lib/gcc/arm-none-eabi/5.2.1/armv6-m/crtend.o

.glue_7         0x0000000000000d1c        0x0
 .glue_7        0x0000000000000d1c        0x0 linker stubs

.glue_7t        0x0000000000000d1c        0x0
 .glue_7t       0x0000000000000d1c        0x0 linker stubs

.vfp11_veneer   0x0000000000000d1c        0x0
 .vfp11_veneer  0x0000000000000d1c        0x0 linker stubs

.v4_bx          0x0000000000000d1c        0x0
 .v4_bx         0x0000000000000d1c        0x0 linker stubs

.iplt           0x0000000000000d1c        0x0
 .iplt          0x0000000000000d1c        0x0 /Users/peterscheidt/Library/Arduino15/packages/sandeepmistry/tools/gcc-arm-none-eabi/5_2-2015q4/bin/../lib/gcc/arm-none-eabi/5.2.1/armv6-m/crtbegin.o

.ARM.extab
 *(.ARM.extab* .gnu.linkonce.armextab.*)
                0x0000000000000d1c                __exidx_start = .

.ARM.exidx      0x0000000000000d1c        0x8
 *(.ARM.exidx* .gnu.linkonce.armexidx.*)
 .ARM.exidx     0x0000000000000d1c        0x8 /Users/peterscheidt/Library/Arduino15/packages/sandeepmistry/tools/gcc-arm-none-eabi/5_2-2015q4/bin/../lib/gcc/arm-none-eabi/5.2.1/../../../../arm-none-eabi/lib/armv6-m/crt0.o
                0x0000000000000d24                __exidx_end = .

.rel.dyn        0x0000000000000d24        0x0
 .rel.iplt      0x0000000000000d24        0x0 /Users/peterscheidt/Library/Arduino15/packages/sandeepmistry/tools/gcc-arm-none-eabi/5_2-2015q4/bin/../lib/gcc/arm-none-eabi/5.2.1/armv6-m/crtbegin.o
                0x0000000000000d24                . = ALIGN (0x4)
                0x0000000000000d24                __etext = .

.data           0x0000000020000000       0x74 load address 0x0000000000000d24
                0x0000000020000000                __data_start__ = .
 *(vtable)
 *(.data*)
 .data.SystemCoreClock
                0x0000000020000000        0x4 /private/var/folders/5s/zdgmyl_x3j78f5jh7b12xr2r0000gn/T/arduino/sketches/641F1B77AC28B78CEB43E244C9FC8509/../../cores/e3c922334e8d4774697600179ee3a89c/core.a(system_nrf51.c.o)
                0x0000000020000000                SystemCoreClock
 .data.impure_data
                0x0000000020000004       0x60 /Users/peterscheidt/Library/Arduino15/packages/sandeepmistry/tools/gcc-arm-none-eabi/5_2-2015q4/bin/../lib/gcc/arm-none-eabi/5.2.1/../../../../arm-none-eabi/lib/armv6-m/libc_nano.a(lib_a-impure.o)
                0x0000000020000064                . = ALIGN (0x4)
                0x0000000020000064                PROVIDE (__preinit_array_start, .)
 *(.preinit_array)
                0x0000000020000064                PROVIDE (__preinit_array_end, .)
                0x0000000020000064                . = ALIGN (0x4)
                0x0000000020000064                PROVIDE (__init_array_start, .)
 *(SORT(.init_array.*))
 *(.init_array)
 .init_array    0x0000000020000064        0x4 /Users/peterscheidt/Library/Arduino15/packages/sandeepmistry/tools/gcc-arm-none-eabi/5_2-2015q4/bin/../lib/gcc/arm-none-eabi/5.2.1/armv6-m/crtbegin.o
 .init_array    0x0000000020000068        0x4 /private/var/folders/5s/zdgmyl_x3j78f5jh7b12xr2r0000gn/T/arduino/sketches/641F1B77AC28B78CEB43E244C9FC8509/../../cores/e3c922334e8d4774697600179ee3a89c/core.a(Uart.cpp.o)
                0x000000002000006c                PROVIDE (__init_array_end, .)
                0x000000002000006c                . = ALIGN (0x4)
                [!provide]                        PROVIDE (__fini_array_start, .)
 *(SORT(.fini_array.*))
 *(.fini_array)
 .fini_array    0x000000002000006c        0x4 /Users/peterscheidt/Library/Arduino15/packages/sandeepmistry/tools/gcc-arm-none-eabi/5_2-2015q4/bin/../lib/gcc/arm-none-eabi/5.2.1/armv6-m/crtbegin.o
                [!provide]                        PROVIDE (__fini_array_end, .)
 *(.jcr*)
 .jcr           0x0000000020000070        0x0 /Users/peterscheidt/Library/Arduino15/packages/sandeepmistry/tools/gcc-arm-none-eabi/5_2-2015q4/bin/../lib/gcc/arm-none-eabi/5.2.1/armv6-m/crtbegin.o
 .jcr           0x0000000020000070        0x4 /Users/peterscheidt/Library/Arduino15/packages/sandeepmistry/tools/gcc-arm-none-eabi/5_2-2015q4/bin/../lib/gcc/arm-none-eabi/5.2.1/armv6-m/crtend.o
                0x0000000020000074                . = ALIGN (0x4)
                0x0000000020000074                __data_end__ = .

.tm_clone_table
                0x0000000020000074        0x0 load address 0x0000000000000d98
 .tm_clone_table
                0x0000000020000074        0x0 /Users/peterscheidt/Library/Arduino15/packages/sandeepmistry/tools/gcc-arm-none-eabi/5_2-2015q4/bin/../lib/gcc/arm-none-eabi/5.2.1/armv6-m/crtbegin.o
 .tm_clone_table
                0x0000000020000074        0x0 /Users/peterscheidt/Library/Arduino15/packages/sandeepmistry/tools/gcc-arm-none-eabi/5_2-2015q4/bin/../lib/gcc/arm-none-eabi/5.2.1/armv6-m/crtend.o

.igot.plt       0x0000000020000074        0x0 load address 0x0000000000000d98
 .igot.plt      0x0000000020000074        0x0 /Users/peterscheidt/Library/Arduino15/packages/sandeepmistry/tools/gcc-arm-none-eabi/5_2-2015q4/bin/../lib/gcc/arm-none-eabi/5.2.1/armv6-m/crtbegin.o

.bss            0x0000000020000074       0x88 load address 0x0000000000000d98
                0x0000000020000074                . = ALIGN (0x4)
                0x0000000020000074                __bss_start__ = .
 *(.bss*)
 .bss           0x0000000020000074       0x1c /Users/peterscheidt/Library/Arduino15/packages/sandeepmistry/tools/gcc-arm-none-eabi/5_2-2015q4/bin/../lib/gcc/arm-none-eabi/5.2.1/armv6-m/crtbegin.o
 .bss.lastWatered
                0x0000000020000090        0x4 /private/var/folders/5s/zdgmyl_x3j78f5jh7b12xr2r0000gn/T/arduino/sketches/641F1B77AC28B78CEB43E244C9FC8509/sketch/watering_system.ino.cpp.o
                0x0000000020000090                lastWatered
 .bss.Serial    0x0000000020000094       0x64 /private/var/folders/5s/zdgmyl_x3j78f5jh7b12xr2r0000gn/T/arduino/sketches/641F1B77AC28B78CEB43E244C9FC8509/../../cores/e3c922334e8d4774697600179ee3a89c/core.a(Uart.cpp.o)
                0x0000000020000094                Serial
 .bss.overflows
                0x00000000200000f8        0x4 /private/var/folders/5s/zdgmyl_x3j78f5jh7b12xr2r0000gn/T/arduino/sketches/641F1B77AC28B78CEB43E244C9FC8509/../../cores/e3c922334e8d4774697600179ee3a89c/core.a(delay.c.o)
 *(COMMON)
                0x00000000200000fc                . = ALIGN (0x4)
                0x00000000200000fc                __bss_end__ = .

.heap           0x0000000020000100      0x800
                0x0000000020000100                __HeapBase = .
                0x0000000020000100                __end__ = .
                [!provide]                        PROVIDE (end, .)
 *(.heap*)
 .heap          0x0000000020000100      0x800 /private/var/folders/5s/zdgmyl_x3j78f5jh7b12xr2r0000gn/T/arduino/sketches/641F1B77AC28B78CEB43E244C9FC8509/../../cores/e3c922334e8d4774697600179ee3a89c/core.a(gcc_startup_nrf51.S.o)
                0x0000000020000900                __HeapLimit = .

.stack_dummy    0x0000000020000100      0x800
 *(.stack*)
 .stack         0x0000000020000100      0x800 /private/var/folders/5s/zdgmyl_x3j78f5jh7b12xr2r0000gn/T/arduino/sketches/641F1B77AC28B78CEB43E244C9FC8509/../../cores/e3c922334e8d4774697600179ee3a89c/core.a(gcc_startup_nrf51.S.o)
                0x0000000020004000                __StackTop = (ORIGIN (RAM) + LENGTH (RAM))
                0x0000000020003800                __StackLimit = (__StackTop - SIZEOF (.stack_dummy))
                0x0000000020004000                PROVIDE (__stack, __StackTop)
                0x0000000000000001                ASSERT ((__StackLimit >= __HeapLimit), region RAM overflowed with stack)
                0x0000000000000074                DataInitFlashUsed = (__bss_start__ - __data_start__)
                0x0000000000000d24                CodeFlashUsed = (__etext - ORIGIN (FLASH))
                0x0000000000000d98                TotalFlashUsed = (CodeFlashUsed + DataInitFlashUsed)
                0x0000000000000001                ASSERT ((TotalFlashUsed <= LENGTH (FLASH)), region FLASH overflowed with .data and user data)
OUTPUT(/private/var/folders/5s/zdgmyl_x3j78f5jh7b12xr2r0000gn/T/arduino/sketches/641F1B77AC28B78CEB43E244C9FC8509/watering_system.ino.elf elf32-littlearm)

.ARM.attributes
                0x0000000000000000       0x28
 .ARM.attributes
                0x0000000000000000       0x1e /Users/peterscheidt/Library/Arduino15/packages/sandeepmistry/tools/gcc-arm-none-eabi/5_2-2015q4/bin/../lib/gcc/arm-none-eabi/5.2.1/armv6-m/crti.o
 .ARM.attributes
                0x000000000000001e       0x2c /Users/peterscheidt/Library/Arduino15/packages/sandeepmistry/tools/gcc-arm-none-eabi/5_2-2015q4/bin/../lib/gcc/arm-none-eabi/5.2.1/armv6-m/crtbegin.o
 .ARM.attributes
                0x000000000000004a       0x1b /Users/peterscheidt/Library/Arduino15/packages/sandeepmistry/tools/gcc-arm-none-eabi/5_2-2015q4/bin/../lib/gcc/arm-none-eabi/5.2.1/../../../../arm-none-eabi/lib/armv6-m/crt0.o
 .ARM.attributes
                0x0000000000000065       0x31 /private/var/folders/5s/zdgmyl_x3j78f5jh7b12xr2r0000gn/T/arduino/sketches/641F1B77AC28B78CEB43E244C9FC8509/sketch/watering_system.ino.cpp.o
 .ARM.attributes
                0x0000000000000096       0x31 /private/var/folders/5s/zdgmyl_x3j78f5jh7b12xr2r0000gn/T/arduino/sketches/641F1B77AC28B78CEB43E244C9FC8509/core/variant.cpp.o
 .ARM.attributes
                0x00000000000000c7       0x31 /private/var/folders/5s/zdgmyl_x3j78f5jh7b12xr2r0000gn/T/arduino/sketches/641F1B77AC28B78CEB43E244C9FC8509/../../cores/e3c922334e8d4774697600179ee3a89c/core.a(Print.cpp.o)
 .ARM.attributes
                0x00000000000000f8       0x1b /private/var/folders/5s/zdgmyl_x3j78f5jh7b12xr2r0000gn/T/arduino/sketches/641F1B77AC28B78CEB43E244C9FC8509/../../cores/e3c922334e8d4774697600179ee3a89c/core.a(gcc_startup_nrf51.S.o)
 .ARM.attributes
                0x0000000000000113       0x31 /private/var/folders/5s/zdgmyl_x3j78f5jh7b12xr2r0000gn/T/arduino/sketches/641F1B77AC28B78CEB43E244C9FC8509/../../cores/e3c922334e8d4774697600179ee3a89c/core.a(system_nrf51.c.o)
 .ARM.attributes
                0x0000000000000144       0x31 /private/var/folders/5s/zdgmyl_x3j78f5jh7b12xr2r0000gn/T/arduino/sketches/641F1B77AC28B78CEB43E244C9FC8509/../../cores/e3c922334e8d4774697600179ee3a89c/core.a(Uart.cpp.o)
 .ARM.attributes
                0x0000000000000175       0x31 /private/var/folders/5s/zdgmyl_x3j78f5jh7b12xr2r0000gn/T/arduino/sketches/641F1B77AC28B78CEB43E244C9FC8509/../../cores/e3c922334e8d4774697600179ee3a89c/core.a(delay.c.o)
 .ARM.attributes
                0x00000000000001a6       0x31 /private/var/folders/5s/zdgmyl_x3j78f5jh7b12xr2r0000gn/T/arduino/sketches/641F1B77AC28B78CEB43E244C9FC8509/../../cores/e3c922334e8d4774697600179ee3a89c/core.a(hooks.c.o)
 .ARM.attributes
                0x00000000000001d7       0x31 /private/var/folders/5s/zdgmyl_x3j78f5jh7b12xr2r0000gn/T/arduino/sketches/641F1B77AC28B78CEB43E244C9FC8509/../../cores/e3c922334e8d4774697600179ee3a89c/core.a(main.cpp.o)
 .ARM.attributes
                0x0000000000000208       0x31 /private/var/folders/5s/zdgmyl_x3j78f5jh7b12xr2r0000gn/T/arduino/sketches/641F1B77AC28B78CEB43E244C9FC8509/../../cores/e3c922334e8d4774697600179ee3a89c/core.a(wiring.c.o)
 .ARM.attributes
                0x0000000000000239       0x31 /private/var/folders/5s/zdgmyl_x3j78f5jh7b12xr2r0000gn/T/arduino/sketches/641F1B77AC28B78CEB43E244C9FC8509/../../cores/e3c922334e8d4774697600179ee3a89c/core.a(wiring_digital.c.o)
 .ARM.attributes
                0x000000000000026a       0x31 /private/var/folders/5s/zdgmyl_x3j78f5jh7b12xr2r0000gn/T/arduino/sketches/641F1B77AC28B78CEB43E244C9FC8509/../../cores/e3c922334e8d4774697600179ee3a89c/core.a(RingBuffer.cpp.o)
 .ARM.attributes
                0x000000000000029b       0x1e /Users/peterscheidt/Library/Arduino15/packages/sandeepmistry/tools/gcc-arm-none-eabi/5_2-2015q4/bin/../lib/gcc/arm-none-eabi/5.2.1/armv6-m/libgcc.a(_thumb1_case_uqi.o)
 .ARM.attributes
                0x00000000000002b9       0x1e /Users/peterscheidt/Library/Arduino15/packages/sandeepmistry/tools/gcc-arm-none-eabi/5_2-2015q4/bin/../lib/gcc/arm-none-eabi/5.2.1/armv6-m/libgcc.a(_udivsi3.o)
 .ARM.attributes
                0x00000000000002d7       0x1e /Users/peterscheidt/Library/Arduino15/packages/sandeepmistry/tools/gcc-arm-none-eabi/5_2-2015q4/bin/../lib/gcc/arm-none-eabi/5.2.1/armv6-m/libgcc.a(_dvmd_tls.o)
 .ARM.attributes
                0x00000000000002f5       0x2c /Users/peterscheidt/Library/Arduino15/packages/sandeepmistry/tools/gcc-arm-none-eabi/5_2-2015q4/bin/../lib/gcc/arm-none-eabi/5.2.1/armv6-m/libgcc.a(_muldi3.o)
 .ARM.attributes
                0x0000000000000321       0x2c /Users/peterscheidt/Library/Arduino15/packages/sandeepmistry/tools/gcc-arm-none-eabi/5_2-2015q4/bin/../lib/gcc/arm-none-eabi/5.2.1/../../../../arm-none-eabi/lib/armv6-m/libc_nano.a(lib_a-exit.o)
 .ARM.attributes
                0x000000000000034d       0x2c /Users/peterscheidt/Library/Arduino15/packages/sandeepmistry/tools/gcc-arm-none-eabi/5_2-2015q4/bin/../lib/gcc/arm-none-eabi/5.2.1/../../../../arm-none-eabi/lib/armv6-m/libc_nano.a(lib_a-impure.o)
 .ARM.attributes
                0x0000000000000379       0x2c /Users/peterscheidt/Library/Arduino15/packages/sandeepmistry/tools/gcc-arm-none-eabi/5_2-2015q4/bin/../lib/gcc/arm-none-eabi/5.2.1/../../../../arm-none-eabi/lib/armv6-m/libc_nano.a(lib_a-init.o)
 .ARM.attributes
                0x00000000000003a5       0x2c /Users/peterscheidt/Library/Arduino15/packages/sandeepmistry/tools/gcc-arm-none-eabi/5_2-2015q4/bin/../lib/gcc/arm-none-eabi/5.2.1/../../../../arm-none-eabi/lib/armv6-m/libc_nano.a(lib_a-memset.o)
 .ARM.attributes
                0x00000000000003d1       0x1c /Users/peterscheidt/Library/Arduino15/packages/sandeepmistry/tools/gcc-arm-none-eabi/5_2-2015q4/bin/../lib/gcc/arm-none-eabi/5.2.1/../../../../arm-none-eabi/lib/armv6-m/libc_nano.a(lib_a-strlen.o)
 .ARM.attributes
                0x00000000000003ed       0x2c /Users/peterscheidt/Library/Arduino15/packages/sandeepmistry/tools/gcc-arm-none-eabi/5_2-2015q4/bin/../lib/gcc/arm-none-eabi/5.2.1/../../../../arm-none-eabi/lib/armv6-m/libnosys.a(_exit.o)
 .ARM.attributes
                0x0000000000000419       0x2c /Users/peterscheidt/Library/Arduino15/packages/sandeepmistry/tools/gcc-arm-none-eabi/5_2-2015q4/bin/../lib/gcc/arm-none-eabi/5.2.1/armv6-m/crtend.o
 .ARM.attributes
                0x0000000000000445       0x1e /Users/peterscheidt/Library/Arduino15/packages/sandeepmistry/tools/gcc-arm-none-eabi/5_2-2015q4/bin/../lib/gcc/arm-none-eabi/5.2.1/armv6-m/crtn.o

.comment        0x0000000000000000       0x6e
 .comment       0x0000000000000000       0x6e /private/var/folders/5s/zdgmyl_x3j78f5jh7b12xr2r0000gn/T/arduino/sketches/641F1B77AC28B78CEB43E244C9FC8509/sketch/watering_system.ino.cpp.o
                                         0x6f (size before relaxing)
 .comment       0x000000000000006e       0x6f /private/var/folders/5s/zdgmyl_x3j78f5jh7b12xr2r0000gn/T/arduino/sketches/641F1B77AC28B78CEB43E244C9FC8509/core/variant.cpp.o
 .comment       0x000000000000006e       0x6f /private/var/folders/5s/zdgmyl_x3j78f5jh7b12xr2r0000gn/T/arduino/sketches/641F1B77AC28B78CEB43E244C9FC8509/../../cores/e3c922334e8d4774697600179ee3a89c/core.a(Print.cpp.o)
 .comment       0x000000000000006e       0x6f /private/var/folders/5s/zdgmyl_x3j78f5jh7b12xr2r0000gn/T/arduino/sketches/641F1B77AC28B78CEB43E244C9FC8509/../../cores/e3c922334e8d4774697600179ee3a89c/core.a(system_nrf51.c.o)
 .comment       0x000000000000006e       0x6f /private/var/folders/5s/zdgmyl_x3j78f5jh7b12xr2r0000gn/T/arduino/sketches/641F1B77AC28B78CEB43E244C9FC8509/../../cores/e3c922334e8d4774697600179ee3a89c/core.a(Uart.cpp.o)
 .comment       0x000000000000006e       0x6f /private/var/folders/5s/zdgmyl_x3j78f5jh7b12xr2r0000gn/T/arduino/sketches/641F1B77AC28B78CEB43E244C9FC8509/../../cores/e3c922334e8d4774697600179ee3a89c/core.a(delay.c.o)
 .comment       0x000000000000006e       0x6f /private/var/folders/5s/zdgmyl_x3j78f5jh7b12xr2r0000gn/T/arduino/sketches/641F1B77AC28B78CEB43E244C9FC8509/../../cores/e3c922334e8d4774697600179ee3a89c/core.a(hooks.c.o)
 .comment       0x000000000000006e       0x6f /private/var/folders/5s/zdgmyl_x3j78f5jh7b12xr2r0000gn/T/arduino/sketches/641F1B77AC28B78CEB43E244C9FC8509/../../cores/e3c922334e8d4774697600179ee3a89c/core.a(main.cpp.o)
 .comment       0x000000000000006e       0x6f /private/var/folders/5s/zdgmyl_x3j78f5jh7b12xr2r0000gn/T/arduino/sketches/641F1B77AC28B78CEB43E244C9FC8509/../../cores/e3c922334e8d4774697600179ee3a89c/core.a(wiring.c.o)
 .comment       0x000000000000006e       0x6f /private/var/folders/5s/zdgmyl_x3j78f5jh7b12xr2r0000gn/T/arduino/sketches/641F1B77AC28B78CEB43E244C9FC8509/../../cores/e3c922334e8d4774697600179ee3a89c/core.a(wiring_digital.c.o)
 .comment       0x000000000000006e       0x6f /private/var/folders/5s/zdgmyl_x3j78f5jh7b12xr2r0000gn/T/arduino/sketches/641F1B77AC28B78CEB43E244C9FC8509/../../cores/e3c922334e8d4774697600179ee3a89c/core.a(RingBuffer.cpp.o)

.debug_info     0x0000000000000000     0x6c44
 .debug_info    0x0000000000000000      0x742 /private/var/folders/5s/zdgmyl_x3j78f5jh7b12xr2r0000gn/T/arduino/sketches/641F1B77AC28B78CEB43E244C9FC8509/sketch/watering_system.ino.cpp.o
 .debug_info    0x0000000000000742       0x8d /private/var/folders/5s/zdgmyl_x3j78f5jh7b12xr2r0000gn/T/arduino/sketches/641F1B77AC28B78CEB43E244C9FC8509/core/variant.cpp.o
 .debug_info    0x00000000000007cf     0x254d /private/var/folders/5s/zdgmyl_x3j78f5jh7b12xr2r0000gn/T/arduino/sketches/641F1B77AC28B78CEB43E244C9FC8509/../../cores/e3c922334e8d4774697600179ee3a89c/core.a(Print.cpp.o)
 .debug_info    0x0000000000002d1c       0xb8 /private/var/folders/5s/zdgmyl_x3j78f5jh7b12xr2r0000gn/T/arduino/sketches/641F1B77AC28B78CEB43E244C9FC8509/../../cores/e3c922334e8d4774697600179ee3a89c/core.a(gcc_startup_nrf51.S.o)
 .debug_info    0x0000000000002dd4      0x1b7 /private/var/folders/5s/zdgmyl_x3j78f5jh7b12xr2r0000gn/T/arduino/sketches/641F1B77AC28B78CEB43E244C9FC8509/../../cores/e3c922334e8d4774697600179ee3a89c/core.a(system_nrf51.c.o)
 .debug_info    0x0000000000002f8b     0x27d4 /private/var/folders/5s/zdgmyl_x3j78f5jh7b12xr2r0000gn/T/arduino/sketches/641F1B77AC28B78CEB43E244C9FC8509/../../cores/e3c922334e8d4774697600179ee3a89c/core.a(Uart.cpp.o)
 .debug_info    0x000000000000575f      0x3a9 /private/var/folders/5s/zdgmyl_x3j78f5jh7b12xr2r0000gn/T/arduino/sketches/641F1B77AC28B78CEB43E244C9FC8509/../../cores/e3c922334e8d4774697600179ee3a89c/core.a(delay.c.o)
 .debug_info    0x0000000000005b08       0x60 /private/var/folders/5s/zdgmyl_x3j78f5jh7b12xr2r0000gn/T/arduino/sketches/641F1B77AC28B78CEB43E244C9FC8509/../../cores/e3c922334e8d4774697600179ee3a89c/core.a(hooks.c.o)
 .debug_info    0x0000000000005b68      0x1d5 /private/var/folders/5s/zdgmyl_x3j78f5jh7b12xr2r0000gn/T/arduino/sketches/641F1B77AC28B78CEB43E244C9FC8509/../../cores/e3c922334e8d4774697600179ee3a89c/core.a(main.cpp.o)
 .debug_info    0x0000000000005d3d      0x84e /private/var/folders/5s/zdgmyl_x3j78f5jh7b12xr2r0000gn/T/arduino/sketches/641F1B77AC28B78CEB43E244C9FC8509/../../cores/e3c922334e8d4774697600179ee3a89c/core.a(wiring.c.o)
 .debug_info    0x000000000000658b      0x2a5 /private/var/folders/5s/zdgmyl_x3j78f5jh7b12xr2r0000gn/T/arduino/sketches/641F1B77AC28B78CEB43E244C9FC8509/../../cores/e3c922334e8d4774697600179ee3a89c/core.a(wiring_digital.c.o)
 .debug_info    0x0000000000006830      0x414 /private/var/folders/5s/zdgmyl_x3j78f5jh7b12xr2r0000gn/T/arduino/sketches/641F1B77AC28B78CEB43E244C9FC8509/../../cores/e3c922334e8d4774697600179ee3a89c/core.a(RingBuffer.cpp.o)

.debug_abbrev   0x0000000000000000     0x13e5
 .debug_abbrev  0x0000000000000000      0x23b /private/var/folders/5s/zdgmyl_x3j78f5jh7b12xr2r0000gn/T/arduino/sketches/641F1B77AC28B78CEB43E244C9FC8509/sketch/watering_system.ino.cpp.o
 .debug_abbrev  0x000000000000023b       0x4e /private/var/folders/5s/zdgmyl_x3j78f5jh7b12xr2r0000gn/T/arduino/sketches/641F1B77AC28B78CEB43E244C9FC8509/core/variant.cpp.o
 .debug_abbrev  0x0000000000000289      0x46c /private/var/folders/5s/zdgmyl_x3j78f5jh7b12xr2r0000gn/T/arduino/sketches/641F1B77AC28B78CEB43E244C9FC8509/../../cores/e3c922334e8d4774697600179ee3a89c/core.a(Print.cpp.o)
 .debug_abbrev  0x00000000000006f5       0x14 /private/var/folders/5s/zdgmyl_x3j78f5jh7b12xr2r0000gn/T/arduino/sketches/641F1B77AC28B78CEB43E244C9FC8509/../../cores/e3c922334e8d4774697600179ee3a89c/core.a(gcc_startup_nrf51.S.o)
 .debug_abbrev  0x0000000000000709       0xea /private/var/folders/5s/zdgmyl_x3j78f5jh7b12xr2r0000gn/T/arduino/sketches/641F1B77AC28B78CEB43E244C9FC8509/../../cores/e3c922334e8d4774697600179ee3a89c/core.a(system_nrf51.c.o)
 .debug_abbrev  0x00000000000007f3      0x4df /private/var/folders/5s/zdgmyl_x3j78f5jh7b12xr2r0000gn/T/arduino/sketches/641F1B77AC28B78CEB43E244C9FC8509/../../cores/e3c922334e8d4774697600179ee3a89c/core.a(Uart.cpp.o)
 .debug_abbrev  0x0000000000000cd2      0x13c /private/var/folders/5s/zdgmyl_x3j78f5jh7b12xr2r0000gn/T/arduino/sketches/641F1B77AC28B78CEB43E244C9FC8509/../../cores/e3c922334e8d4774697600179ee3a89c/core.a(delay.c.o)
 .debug_abbrev  0x0000000000000e0e       0x5e /private/var/folders/5s/zdgmyl_x3j78f5jh7b12xr2r0000gn/T/arduino/sketches/641F1B77AC28B78CEB43E244C9FC8509/../../cores/e3c922334e8d4774697600179ee3a89c/core.a(hooks.c.o)
 .debug_abbrev  0x0000000000000e6c      0x12e /private/var/folders/5s/zdgmyl_x3j78f5jh7b12xr2r0000gn/T/arduino/sketches/641F1B77AC28B78CEB43E244C9FC8509/../../cores/e3c922334e8d4774697600179ee3a89c/core.a(main.cpp.o)
 .debug_abbrev  0x0000000000000f9a      0x152 /private/var/folders/5s/zdgmyl_x3j78f5jh7b12xr2r0000gn/T/arduino/sketches/641F1B77AC28B78CEB43E244C9FC8509/../../cores/e3c922334e8d4774697600179ee3a89c/core.a(wiring.c.o)
 .debug_abbrev  0x00000000000010ec      0x134 /private/var/folders/5s/zdgmyl_x3j78f5jh7b12xr2r0000gn/T/arduino/sketches/641F1B77AC28B78CEB43E244C9FC8509/../../cores/e3c922334e8d4774697600179ee3a89c/core.a(wiring_digital.c.o)
 .debug_abbrev  0x0000000000001220      0x1c5 /private/var/folders/5s/zdgmyl_x3j78f5jh7b12xr2r0000gn/T/arduino/sketches/641F1B77AC28B78CEB43E244C9FC8509/../../cores/e3c922334e8d4774697600179ee3a89c/core.a(RingBuffer.cpp.o)

.debug_loc      0x0000000000000000     0x1b4c
 .debug_loc     0x0000000000000000      0x104 /private/var/folders/5s/zdgmyl_x3j78f5jh7b12xr2r0000gn/T/arduino/sketches/641F1B77AC28B78CEB43E244C9FC8509/sketch/watering_system.ino.cpp.o
 .debug_loc     0x0000000000000104     0x1210 /private/var/folders/5s/zdgmyl_x3j78f5jh7b12xr2r0000gn/T/arduino/sketches/641F1B77AC28B78CEB43E244C9FC8509/../../cores/e3c922334e8d4774697600179ee3a89c/core.a(Print.cpp.o)
 .debug_loc     0x0000000000001314      0x496 /private/var/folders/5s/zdgmyl_x3j78f5jh7b12xr2r0000gn/T/arduino/sketches/641F1B77AC28B78CEB43E244C9FC8509/../../cores/e3c922334e8d4774697600179ee3a89c/core.a(Uart.cpp.o)
 .debug_loc     0x00000000000017aa       0x87 /private/var/folders/5s/zdgmyl_x3j78f5jh7b12xr2r0000gn/T/arduino/sketches/641F1B77AC28B78CEB43E244C9FC8509/../../cores/e3c922334e8d4774697600179ee3a89c/core.a(delay.c.o)
 .debug_loc     0x0000000000001831       0x50 /private/var/folders/5s/zdgmyl_x3j78f5jh7b12xr2r0000gn/T/arduino/sketches/641F1B77AC28B78CEB43E244C9FC8509/../../cores/e3c922334e8d4774697600179ee3a89c/core.a(wiring.c.o)
 .debug_loc     0x0000000000001881      0x158 /private/var/folders/5s/zdgmyl_x3j78f5jh7b12xr2r0000gn/T/arduino/sketches/641F1B77AC28B78CEB43E244C9FC8509/../../cores/e3c922334e8d4774697600179ee3a89c/core.a(wiring_digital.c.o)
 .debug_loc     0x00000000000019d9      0x173 /private/var/folders/5s/zdgmyl_x3j78f5jh7b12xr2r0000gn/T/arduino/sketches/641F1B77AC28B78CEB43E244C9FC8509/../../cores/e3c922334e8d4774697600179ee3a89c/core.a(RingBuffer.cpp.o)

.debug_aranges  0x0000000000000000      0x350
 .debug_aranges
                0x0000000000000000       0x58 /private/var/folders/5s/zdgmyl_x3j78f5jh7b12xr2r0000gn/T/arduino/sketches/641F1B77AC28B78CEB43E244C9FC8509/sketch/watering_system.ino.cpp.o
 .debug_aranges
                0x0000000000000058       0x18 /private/var/folders/5s/zdgmyl_x3j78f5jh7b12xr2r0000gn/T/arduino/sketches/641F1B77AC28B78CEB43E244C9FC8509/core/variant.cpp.o
 .debug_aranges
                0x0000000000000070       0xe0 /private/var/folders/5s/zdgmyl_x3j78f5jh7b12xr2r0000gn/T/arduino/sketches/641F1B77AC28B78CEB43E244C9FC8509/../../cores/e3c922334e8d4774697600179ee3a89c/core.a(Print.cpp.o)
 .debug_aranges
                0x0000000000000150       0x20 /private/var/folders/5s/zdgmyl_x3j78f5jh7b12xr2r0000gn/T/arduino/sketches/641F1B77AC28B78CEB43E244C9FC8509/../../cores/e3c922334e8d4774697600179ee3a89c/core.a(gcc_startup_nrf51.S.o)
 .debug_aranges
                0x0000000000000170       0x20 /private/var/folders/5s/zdgmyl_x3j78f5jh7b12xr2r0000gn/T/arduino/sketches/641F1B77AC28B78CEB43E244C9FC8509/../../cores/e3c922334e8d4774697600179ee3a89c/core.a(system_nrf51.c.o)
 .debug_aranges
                0x0000000000000190       0x88 /private/var/folders/5s/zdgmyl_x3j78f5jh7b12xr2r0000gn/T/arduino/sketches/641F1B77AC28B78CEB43E244C9FC8509/../../cores/e3c922334e8d4774697600179ee3a89c/core.a(Uart.cpp.o)
 .debug_aranges
                0x0000000000000218       0x38 /private/var/folders/5s/zdgmyl_x3j78f5jh7b12xr2r0000gn/T/arduino/sketches/641F1B77AC28B78CEB43E244C9FC8509/../../cores/e3c922334e8d4774697600179ee3a89c/core.a(delay.c.o)
 .debug_aranges
                0x0000000000000250       0x30 /private/var/folders/5s/zdgmyl_x3j78f5jh7b12xr2r0000gn/T/arduino/sketches/641F1B77AC28B78CEB43E244C9FC8509/../../cores/e3c922334e8d4774697600179ee3a89c/core.a(hooks.c.o)
 .debug_aranges
                0x0000000000000280       0x28 /private/var/folders/5s/zdgmyl_x3j78f5jh7b12xr2r0000gn/T/arduino/sketches/641F1B77AC28B78CEB43E244C9FC8509/../../cores/e3c922334e8d4774697600179ee3a89c/core.a(main.cpp.o)
 .debug_aranges
                0x00000000000002a8       0x20 /private/var/folders/5s/zdgmyl_x3j78f5jh7b12xr2r0000gn/T/arduino/sketches/641F1B77AC28B78CEB43E244C9FC8509/../../cores/e3c922334e8d4774697600179ee3a89c/core.a(wiring.c.o)
 .debug_aranges
                0x00000000000002c8       0x30 /private/var/folders/5s/zdgmyl_x3j78f5jh7b12xr2r0000gn/T/arduino/sketches/641F1B77AC28B78CEB43E244C9FC8509/../../cores/e3c922334e8d4774697600179ee3a89c/core.a(wiring_digital.c.o)
 .debug_aranges
                0x00000000000002f8       0x58 /private/var/folders/5s/zdgmyl_x3j78f5jh7b12xr2r0000gn/T/arduino/sketches/641F1B77AC28B78CEB43E244C9FC8509/../../cores/e3c922334e8d4774697600179ee3a89c/core.a(RingBuffer.cpp.o)

.debug_ranges   0x0000000000000000      0x3d8
 .debug_ranges  0x0000000000000000       0x60 /private/var/folders/5s/zdgmyl_x3j78f5jh7b12xr2r0000gn/T/arduino/sketches/641F1B77AC28B78CEB43E244C9FC8509/sketch/watering_system.ino.cpp.o
 .debug_ranges  0x0000000000000060      0x130 /private/var/folders/5s/zdgmyl_x3j78f5jh7b12xr2r0000gn/T/arduino/sketches/641F1B77AC28B78CEB43E244C9FC8509/../../cores/e3c922334e8d4774697600179ee3a89c/core.a(Print.cpp.o)
 .debug_ranges  0x0000000000000190       0x28 /private/var/folders/5s/zdgmyl_x3j78f5jh7b12xr2r0000gn/T/arduino/sketches/641F1B77AC28B78CEB43E244C9FC8509/../../cores/e3c922334e8d4774697600179ee3a89c/core.a(system_nrf51.c.o)
 .debug_ranges  0x00000000000001b8      0x100 /private/var/folders/5s/zdgmyl_x3j78f5jh7b12xr2r0000gn/T/arduino/sketches/641F1B77AC28B78CEB43E244C9FC8509/../../cores/e3c922334e8d4774697600179ee3a89c/core.a(Uart.cpp.o)
 .debug_ranges  0x00000000000002b8       0x28 /private/var/folders/5s/zdgmyl_x3j78f5jh7b12xr2r0000gn/T/arduino/sketches/641F1B77AC28B78CEB43E244C9FC8509/../../cores/e3c922334e8d4774697600179ee3a89c/core.a(delay.c.o)
 .debug_ranges  0x00000000000002e0       0x20 /private/var/folders/5s/zdgmyl_x3j78f5jh7b12xr2r0000gn/T/arduino/sketches/641F1B77AC28B78CEB43E244C9FC8509/../../cores/e3c922334e8d4774697600179ee3a89c/core.a(hooks.c.o)
 .debug_ranges  0x0000000000000300       0x18 /private/var/folders/5s/zdgmyl_x3j78f5jh7b12xr2r0000gn/T/arduino/sketches/641F1B77AC28B78CEB43E244C9FC8509/../../cores/e3c922334e8d4774697600179ee3a89c/core.a(main.cpp.o)
 .debug_ranges  0x0000000000000318       0x28 /private/var/folders/5s/zdgmyl_x3j78f5jh7b12xr2r0000gn/T/arduino/sketches/641F1B77AC28B78CEB43E244C9FC8509/../../cores/e3c922334e8d4774697600179ee3a89c/core.a(wiring.c.o)
 .debug_ranges  0x0000000000000340       0x20 /private/var/folders/5s/zdgmyl_x3j78f5jh7b12xr2r0000gn/T/arduino/sketches/641F1B77AC28B78CEB43E244C9FC8509/../../cores/e3c922334e8d4774697600179ee3a89c/core.a(wiring_digital.c.o)
 .debug_ranges  0x0000000000000360       0x78 /private/var/folders/5s/zdgmyl_x3j78f5jh7b12xr2r0000gn/T/arduino/sketches/641F1B77AC28B78CEB43E244C9FC8509/../../cores/e3c922334e8d4774697600179ee3a89c/core.a(RingBuffer.cpp.o)

.debug_line     0x0000000000000000     0x2488
 .debug_line    0x0000000000000000      0x54d /private/var/folders/5s/zdgmyl_x3j78f5jh7b12xr2r0000gn/T/arduino/sketches/641F1B77AC28B78CEB43E244C9FC8509/sketch/watering_system.ino.cpp.o
 .debug_line    0x000000000000054d       0x8f /private/var/folders/5s/zdgmyl_x3j78f5jh7b12xr2r0000gn/T/arduino/sketches/641F1B77AC28B78CEB43E244C9FC8509/core/variant.cpp.o
 .debug_line    0x00000000000005dc      0x6ce /private/var/folders/5s/zdgmyl_x3j78f5jh7b12xr2r0000gn/T/arduino/sketches/641F1B77AC28B78CEB43E244C9FC8509/../../cores/e3c922334e8d4774697600179ee3a89c/core.a(Print.cpp.o)
 .debug_line    0x0000000000000caa       0xe8 /private/var/folders/5s/zdgmyl_x3j78f5jh7b12xr2r0000gn/T/arduino/sketches/641F1B77AC28B78CEB43E244C9FC8509/../../cores/e3c922334e8d4774697600179ee3a89c/core.a(gcc_startup_nrf51.S.o)
 .debug_line    0x0000000000000d92      0x266 /private/var/folders/5s/zdgmyl_x3j78f5jh7b12xr2r0000gn/T/arduino/sketches/641F1B77AC28B78CEB43E244C9FC8509/../../cores/e3c922334e8d4774697600179ee3a89c/core.a(system_nrf51.c.o)
 .debug_line    0x0000000000000ff8      0x6c3 /private/var/folders/5s/zdgmyl_x3j78f5jh7b12xr2r0000gn/T/arduino/sketches/641F1B77AC28B78CEB43E244C9FC8509/../../cores/e3c922334e8d4774697600179ee3a89c/core.a(Uart.cpp.o)
 .debug_line    0x00000000000016bb      0x282 /private/var/folders/5s/zdgmyl_x3j78f5jh7b12xr2r0000gn/T/arduino/sketches/641F1B77AC28B78CEB43E244C9FC8509/../../cores/e3c922334e8d4774697600179ee3a89c/core.a(delay.c.o)
 .debug_line    0x000000000000193d       0xb3 /private/var/folders/5s/zdgmyl_x3j78f5jh7b12xr2r0000gn/T/arduino/sketches/641F1B77AC28B78CEB43E244C9FC8509/../../cores/e3c922334e8d4774697600179ee3a89c/core.a(hooks.c.o)
 .debug_line    0x00000000000019f0      0x2c7 /private/var/folders/5s/zdgmyl_x3j78f5jh7b12xr2r0000gn/T/arduino/sketches/641F1B77AC28B78CEB43E244C9FC8509/../../cores/e3c922334e8d4774697600179ee3a89c/core.a(main.cpp.o)
 .debug_line    0x0000000000001cb7      0x2e5 /private/var/folders/5s/zdgmyl_x3j78f5jh7b12xr2r0000gn/T/arduino/sketches/641F1B77AC28B78CEB43E244C9FC8509/../../cores/e3c922334e8d4774697600179ee3a89c/core.a(wiring.c.o)
 .debug_line    0x0000000000001f9c      0x283 /private/var/folders/5s/zdgmyl_x3j78f5jh7b12xr2r0000gn/T/arduino/sketches/641F1B77AC28B78CEB43E244C9FC8509/../../cores/e3c922334e8d4774697600179ee3a89c/core.a(wiring_digital.c.o)
 .debug_line    0x000000000000221f      0x269 /private/var/folders/5s/zdgmyl_x3j78f5jh7b12xr2r0000gn/T/arduino/sketches/641F1B77AC28B78CEB43E244C9FC8509/../../cores/e3c922334e8d4774697600179ee3a89c/core.a(RingBuffer.cpp.o)

.debug_str      0x0000000000000000     0x26dd
 .debug_str     0x0000000000000000      0x40d /private/var/folders/5s/zdgmyl_x3j78f5jh7b12xr2r0000gn/T/arduino/sketches/641F1B77AC28B78CEB43E244C9FC8509/sketch/watering_system.ino.cpp.o
                                        0x487 (size before relaxing)
 .debug_str     0x000000000000040d       0x80 /private/var/folders/5s/zdgmyl_x3j78f5jh7b12xr2r0000gn/T/arduino/sketches/641F1B77AC28B78CEB43E244C9FC8509/core/variant.cpp.o
                                        0x1fe (size before relaxing)
 .debug_str     0x000000000000048d      0xeca /private/var/folders/5s/zdgmyl_x3j78f5jh7b12xr2r0000gn/T/arduino/sketches/641F1B77AC28B78CEB43E244C9FC8509/../../cores/e3c922334e8d4774697600179ee3a89c/core.a(Print.cpp.o)
                                       0x11c0 (size before relaxing)
 .debug_str     0x0000000000001357      0x1f3 /private/var/folders/5s/zdgmyl_x3j78f5jh7b12xr2r0000gn/T/arduino/sketches/641F1B77AC28B78CEB43E244C9FC8509/../../cores/e3c922334e8d4774697600179ee3a89c/core.a(system_nrf51.c.o)
                                        0x2a7 (size before relaxing)
 .debug_str     0x000000000000154a      0xcb1 /private/var/folders/5s/zdgmyl_x3j78f5jh7b12xr2r0000gn/T/arduino/sketches/641F1B77AC28B78CEB43E244C9FC8509/../../cores/e3c922334e8d4774697600179ee3a89c/core.a(Uart.cpp.o)
                                       0x1b32 (size before relaxing)
 .debug_str     0x00000000000021fb      0x136 /private/var/folders/5s/zdgmyl_x3j78f5jh7b12xr2r0000gn/T/arduino/sketches/641F1B77AC28B78CEB43E244C9FC8509/../../cores/e3c922334e8d4774697600179ee3a89c/core.a(delay.c.o)
                                        0x329 (size before relaxing)
 .debug_str     0x0000000000002331       0x7b /private/var/folders/5s/zdgmyl_x3j78f5jh7b12xr2r0000gn/T/arduino/sketches/641F1B77AC28B78CEB43E244C9FC8509/../../cores/e3c922334e8d4774697600179ee3a89c/core.a(hooks.c.o)
                                        0x136 (size before relaxing)
 .debug_str     0x00000000000023ac       0xaa /private/var/folders/5s/zdgmyl_x3j78f5jh7b12xr2r0000gn/T/arduino/sketches/641F1B77AC28B78CEB43E244C9FC8509/../../cores/e3c922334e8d4774697600179ee3a89c/core.a(main.cpp.o)
                                        0x2ee (size before relaxing)
 .debug_str     0x0000000000002456      0x165 /private/var/folders/5s/zdgmyl_x3j78f5jh7b12xr2r0000gn/T/arduino/sketches/641F1B77AC28B78CEB43E244C9FC8509/../../cores/e3c922334e8d4774697600179ee3a89c/core.a(wiring.c.o)
                                        0x5fe (size before relaxing)
 .debug_str     0x00000000000025bb       0x96 /private/var/folders/5s/zdgmyl_x3j78f5jh7b12xr2r0000gn/T/arduino/sketches/641F1B77AC28B78CEB43E244C9FC8509/../../cores/e3c922334e8d4774697600179ee3a89c/core.a(wiring_digital.c.o)
                                        0x281 (size before relaxing)
 .debug_str     0x0000000000002651       0x8c /private/var/folders/5s/zdgmyl_x3j78f5jh7b12xr2r0000gn/T/arduino/sketches/641F1B77AC28B78CEB43E244C9FC8509/../../cores/e3c922334e8d4774697600179ee3a89c/core.a(RingBuffer.cpp.o)
                                        0x396 (size before relaxing)

.debug_frame    0x0000000000000000      0x83c
 .debug_frame   0x0000000000000000       0xdc /private/var/folders/5s/zdgmyl_x3j78f5jh7b12xr2r0000gn/T/arduino/sketches/641F1B77AC28B78CEB43E244C9FC8509/sketch/watering_system.ino.cpp.o
 .debug_frame   0x00000000000000dc      0x2f4 /private/var/folders/5s/zdgmyl_x3j78f5jh7b12xr2r0000gn/T/arduino/sketches/641F1B77AC28B78CEB43E244C9FC8509/../../cores/e3c922334e8d4774697600179ee3a89c/core.a(Print.cpp.o)
 .debug_frame   0x00000000000003d0       0x30 /private/var/folders/5s/zdgmyl_x3j78f5jh7b12xr2r0000gn/T/arduino/sketches/641F1B77AC28B78CEB43E244C9FC8509/../../cores/e3c922334e8d4774697600179ee3a89c/core.a(system_nrf51.c.o)
 .debug_frame   0x0000000000000400      0x168 /private/var/folders/5s/zdgmyl_x3j78f5jh7b12xr2r0000gn/T/arduino/sketches/641F1B77AC28B78CEB43E244C9FC8509/../../cores/e3c922334e8d4774697600179ee3a89c/core.a(Uart.cpp.o)
 .debug_frame   0x0000000000000568       0x6c /private/var/folders/5s/zdgmyl_x3j78f5jh7b12xr2r0000gn/T/arduino/sketches/641F1B77AC28B78CEB43E244C9FC8509/../../cores/e3c922334e8d4774697600179ee3a89c/core.a(delay.c.o)
 .debug_frame   0x00000000000005d4       0x40 /private/var/folders/5s/zdgmyl_x3j78f5jh7b12xr2r0000gn/T/arduino/sketches/641F1B77AC28B78CEB43E244C9FC8509/../../cores/e3c922334e8d4774697600179ee3a89c/core.a(hooks.c.o)
 .debug_frame   0x0000000000000614       0x38 /private/var/folders/5s/zdgmyl_x3j78f5jh7b12xr2r0000gn/T/arduino/sketches/641F1B77AC28B78CEB43E244C9FC8509/../../cores/e3c922334e8d4774697600179ee3a89c/core.a(main.cpp.o)
 .debug_frame   0x000000000000064c       0x20 /private/var/folders/5s/zdgmyl_x3j78f5jh7b12xr2r0000gn/T/arduino/sketches/641F1B77AC28B78CEB43E244C9FC8509/../../cores/e3c922334e8d4774697600179ee3a89c/core.a(wiring.c.o)
 .debug_frame   0x000000000000066c       0x48 /private/var/folders/5s/zdgmyl_x3j78f5jh7b12xr2r0000gn/T/arduino/sketches/641F1B77AC28B78CEB43E244C9FC8509/../../cores/e3c922334e8d4774697600179ee3a89c/core.a(wiring_digital.c.o)
 .debug_frame   0x00000000000006b4       0xa0 /private/var/folders/5s/zdgmyl_x3j78f5jh7b12xr2r0000gn/T/arduino/sketches/641F1B77AC28B78CEB43E244C9FC8509/../../cores/e3c922334e8d4774697600179ee3a89c/core.a(RingBuffer.cpp.o)
 .debug_frame   0x0000000000000754       0x20 /Users/peterscheidt/Library/Arduino15/packages/sandeepmistry/tools/gcc-arm-none-eabi/5_2-2015q4/bin/../lib/gcc/arm-none-eabi/5.2.1/armv6-m/libgcc.a(_udivsi3.o)
 .debug_frame   0x0000000000000774       0x34 /Users/peterscheidt/Library/Arduino15/packages/sandeepmistry/tools/gcc-arm-none-eabi/5_2-2015q4/bin/../lib/gcc/arm-none-eabi/5.2.1/armv6-m/libgcc.a(_muldi3.o)
 .debug_frame   0x00000000000007a8       0x28 /Users/peterscheidt/Library/Arduino15/packages/sandeepmistry/tools/gcc-arm-none-eabi/5_2-2015q4/bin/../lib/gcc/arm-none-eabi/5.2.1/../../../../arm-none-eabi/lib/armv6-m/libc_nano.a(lib_a-exit.o)
 .debug_frame   0x00000000000007d0       0x2c /Users/peterscheidt/Library/Arduino15/packages/sandeepmistry/tools/gcc-arm-none-eabi/5_2-2015q4/bin/../lib/gcc/arm-none-eabi/5.2.1/../../../../arm-none-eabi/lib/armv6-m/libc_nano.a(lib_a-init.o)
 .debug_frame   0x00000000000007fc       0x20 /Users/peterscheidt/Library/Arduino15/packages/sandeepmistry/tools/gcc-arm-none-eabi/5_2-2015q4/bin/../lib/gcc/arm-none-eabi/5.2.1/../../../../arm-none-eabi/lib/armv6-m/libc_nano.a(lib_a-memset.o)
 .debug_frame   0x000000000000081c       0x20 /Users/peterscheidt/Library/Arduino15/packages/sandeepmistry/tools/gcc-arm-none-eabi/5_2-2015q4/bin/../lib/gcc/arm-none-eabi/5.2.1/../../../../arm-none-eabi/lib/armv6-m/libnosys.a(_exit.o)

Cross Reference Table

Symbol                                            File
ADC_IRQHandler                                    /private/var/folders/5s/zdgmyl_x3j78f5jh7b12xr2r0000gn/T/arduino/sketches/641F1B77AC28B78CEB43E244C9FC8509/../../cores/e3c922334e8d4774697600179ee3a89c/core.a(gcc_startup_nrf51.S.o)
CCM_AAR_IRQHandler                                /private/var/folders/5s/zdgmyl_x3j78f5jh7b12xr2r0000gn/T/arduino/sketches/641F1B77AC28B78CEB43E244C9FC8509/../../cores/e3c922334e8d4774697600179ee3a89c/core.a(gcc_startup_nrf51.S.o)
Default_Handler                                   /private/var/folders/5s/zdgmyl_x3j78f5jh7b12xr2r0000gn/T/arduino/sketches/641F1B77AC28B78CEB43E244C9FC8509/../../cores/e3c922334e8d4774697600179ee3a89c/core.a(gcc_startup_nrf51.S.o)
ECB_IRQHandler                                    /private/var/folders/5s/zdgmyl_x3j78f5jh7b12xr2r0000gn/T/arduino/sketches/641F1B77AC28B78CEB43E244C9FC8509/../../cores/e3c922334e8d4774697600179ee3a89c/core.a(gcc_startup_nrf51.S.o)
GPIOTE_IRQHandler                                 /private/var/folders/5s/zdgmyl_x3j78f5jh7b12xr2r0000gn/T/arduino/sketches/641F1B77AC28B78CEB43E244C9FC8509/../../cores/e3c922334e8d4774697600179ee3a89c/core.a(gcc_startup_nrf51.S.o)
HardFault_Handler                                 /private/var/folders/5s/zdgmyl_x3j78f5jh7b12xr2r0000gn/T/arduino/sketches/641F1B77AC28B78CEB43E244C9FC8509/../../cores/e3c922334e8d4774697600179ee3a89c/core.a(gcc_startup_nrf51.S.o)
LPCOMP_IRQHandler                                 /private/var/folders/5s/zdgmyl_x3j78f5jh7b12xr2r0000gn/T/arduino/sketches/641F1B77AC28B78CEB43E244C9FC8509/../../cores/e3c922334e8d4774697600179ee3a89c/core.a(gcc_startup_nrf51.S.o)
NMI_Handler                                       /private/var/folders/5s/zdgmyl_x3j78f5jh7b12xr2r0000gn/T/arduino/sketches/641F1B77AC28B78CEB43E244C9FC8509/../../cores/e3c922334e8d4774697600179ee3a89c/core.a(gcc_startup_nrf51.S.o)
POWER_CLOCK_IRQHandler                            /private/var/folders/5s/zdgmyl_x3j78f5jh7b12xr2r0000gn/T/arduino/sketches/641F1B77AC28B78CEB43E244C9FC8509/../../cores/e3c922334e8d4774697600179ee3a89c/core.a(gcc_startup_nrf51.S.o)
PendSV_Handler                                    /private/var/folders/5s/zdgmyl_x3j78f5jh7b12xr2r0000gn/T/arduino/sketches/641F1B77AC28B78CEB43E244C9FC8509/../../cores/e3c922334e8d4774697600179ee3a89c/core.a(gcc_startup_nrf51.S.o)
Print::print(Printable const&)                    /private/var/folders/5s/zdgmyl_x3j78f5jh7b12xr2r0000gn/T/arduino/sketches/641F1B77AC28B78CEB43E244C9FC8509/../../cores/e3c922334e8d4774697600179ee3a89c/core.a(Print.cpp.o)
Print::print(String const&)                       /private/var/folders/5s/zdgmyl_x3j78f5jh7b12xr2r0000gn/T/arduino/sketches/641F1B77AC28B78CEB43E244C9FC8509/../../cores/e3c922334e8d4774697600179ee3a89c/core.a(Print.cpp.o)
Print::print(__FlashStringHelper const*)          /private/var/folders/5s/zdgmyl_x3j78f5jh7b12xr2r0000gn/T/arduino/sketches/641F1B77AC28B78CEB43E244C9FC8509/../../cores/e3c922334e8d4774697600179ee3a89c/core.a(Print.cpp.o)
Print::print(char const*)                         /private/var/folders/5s/zdgmyl_x3j78f5jh7b12xr2r0000gn/T/arduino/sketches/641F1B77AC28B78CEB43E244C9FC8509/../../cores/e3c922334e8d4774697600179ee3a89c/core.a(Print.cpp.o)
                                                  /private/var/folders/5s/zdgmyl_x3j78f5jh7b12xr2r0000gn/T/arduino/sketches/641F1B77AC28B78CEB43E244C9FC8509/sketch/watering_system.ino.cpp.o
Print::print(char)                                /private/var/folders/5s/zdgmyl_x3j78f5jh7b12xr2r0000gn/T/arduino/sketches/641F1B77AC28B78CEB43E244C9FC8509/../../cores/e3c922334e8d4774697600179ee3a89c/core.a(Print.cpp.o)
Print::print(double, int)                         /private/var/folders/5s/zdgmyl_x3j78f5jh7b12xr2r0000gn/T/arduino/sketches/641F1B77AC28B78CEB43E244C9FC8509/../../cores/e3c922334e8d4774697600179ee3a89c/core.a(Print.cpp.o)
Print::print(int, int)                            /private/var/folders/5s/zdgmyl_x3j78f5jh7b12xr2r0000gn/T/arduino/sketches/641F1B77AC28B78CEB43E244C9FC8509/../../cores/e3c922334e8d4774697600179ee3a89c/core.a(Print.cpp.o)
                                                  /private/var/folders/5s/zdgmyl_x3j78f5jh7b12xr2r0000gn/T/arduino/sketches/641F1B77AC28B78CEB43E244C9FC8509/sketch/watering_system.ino.cpp.o
Print::print(long, int)                           /private/var/folders/5s/zdgmyl_x3j78f5jh7b12xr2r0000gn/T/arduino/sketches/641F1B77AC28B78CEB43E244C9FC8509/../../cores/e3c922334e8d4774697600179ee3a89c/core.a(Print.cpp.o)
Print::print(unsigned char, int)                  /private/var/folders/5s/zdgmyl_x3j78f5jh7b12xr2r0000gn/T/arduino/sketches/641F1B77AC28B78CEB43E244C9FC8509/../../cores/e3c922334e8d4774697600179ee3a89c/core.a(Print.cpp.o)
Print::print(unsigned int, int)                   /private/var/folders/5s/zdgmyl_x3j78f5jh7b12xr2r0000gn/T/arduino/sketches/641F1B77AC28B78CEB43E244C9FC8509/../../cores/e3c922334e8d4774697600179ee3a89c/core.a(Print.cpp.o)
Print::print(unsigned long, int)                  /private/var/folders/5s/zdgmyl_x3j78f5jh7b12xr2r0000gn/T/arduino/sketches/641F1B77AC28B78CEB43E244C9FC8509/../../cores/e3c922334e8d4774697600179ee3a89c/core.a(Print.cpp.o)
Print::printFloat(double, unsigned char)          /private/var/folders/5s/zdgmyl_x3j78f5jh7b12xr2r0000gn/T/arduino/sketches/641F1B77AC28B78CEB43E244C9FC8509/../../cores/e3c922334e8d4774697600179ee3a89c/core.a(Print.cpp.o)
Print::printNumber(unsigned long, unsigned char)  /private/var/folders/5s/zdgmyl_x3j78f5jh7b12xr2r0000gn/T/arduino/sketches/641F1B77AC28B78CEB43E244C9FC8509/../../cores/e3c922334e8d4774697600179ee3a89c/core.a(Print.cpp.o)
Print::println()                                  /private/var/folders/5s/zdgmyl_x3j78f5jh7b12xr2r0000gn/T/arduino/sketches/641F1B77AC28B78CEB43E244C9FC8509/../../cores/e3c922334e8d4774697600179ee3a89c/core.a(Print.cpp.o)
Print::println(Printable const&)                  /private/var/folders/5s/zdgmyl_x3j78f5jh7b12xr2r0000gn/T/arduino/sketches/641F1B77AC28B78CEB43E244C9FC8509/../../cores/e3c922334e8d4774697600179ee3a89c/core.a(Print.cpp.o)
Print::println(String const&)                     /private/var/folders/5s/zdgmyl_x3j78f5jh7b12xr2r0000gn/T/arduino/sketches/641F1B77AC28B78CEB43E244C9FC8509/../../cores/e3c922334e8d4774697600179ee3a89c/core.a(Print.cpp.o)
Print::println(__FlashStringHelper const*)        /private/var/folders/5s/zdgmyl_x3j78f5jh7b12xr2r0000gn/T/arduino/sketches/641F1B77AC28B78CEB43E244C9FC8509/../../cores/e3c922334e8d4774697600179ee3a89c/core.a(Print.cpp.o)
Print::println(char const*)                       /private/var/folders/5s/zdgmyl_x3j78f5jh7b12xr2r0000gn/T/arduino/sketches/641F1B77AC28B78CEB43E244C9FC8509/../../cores/e3c922334e8d4774697600179ee3a89c/core.a(Print.cpp.o)
                                                  /private/var/folders/5s/zdgmyl_x3j78f5jh7b12xr2r0000gn/T/arduino/sketches/641F1B77AC28B78CEB43E244C9FC8509/sketch/watering_system.ino.cpp.o
Print::println(char)                              /private/var/folders/5s/zdgmyl_x3j78f5jh7b12xr2r0000gn/T/arduino/sketches/641F1B77AC28B78CEB43E244C9FC8509/../../cores/e3c922334e8d4774697600179ee3a89c/core.a(Print.cpp.o)
Print::println(double, int)                       /private/var/folders/5s/zdgmyl_x3j78f5jh7b12xr2r0000gn/T/arduino/sketches/641F1B77AC28B78CEB43E244C9FC8509/../../cores/e3c922334e8d4774697600179ee3a89c/core.a(Print.cpp.o)
Print::println(int, int)                          /private/var/folders/5s/zdgmyl_x3j78f5jh7b12xr2r0000gn/T/arduino/sketches/641F1B77AC28B78CEB43E244C9FC8509/../../cores/e3c922334e8d4774697600179ee3a89c/core.a(Print.cpp.o)
Print::println(long, int)                         /private/var/folders/5s/zdgmyl_x3j78f5jh7b12xr2r0000gn/T/arduino/sketches/641F1B77AC28B78CEB43E244C9FC8509/../../cores/e3c922334e8d4774697600179ee3a89c/core.a(Print.cpp.o)
Print::println(unsigned char, int)                /private/var/folders/5s/zdgmyl_x3j78f5jh7b12xr2r0000gn/T/arduino/sketches/641F1B77AC28B78CEB43E244C9FC8509/../../cores/e3c922334e8d4774697600179ee3a89c/core.a(Print.cpp.o)
Print::println(unsigned int, int)                 /private/var/folders/5s/zdgmyl_x3j78f5jh7b12xr2r0000gn/T/arduino/sketches/641F1B77AC28B78CEB43E244C9FC8509/../../cores/e3c922334e8d4774697600179ee3a89c/core.a(Print.cpp.o)
Print::println(unsigned long, int)                /private/var/folders/5s/zdgmyl_x3j78f5jh7b12xr2r0000gn/T/arduino/sketches/641F1B77AC28B78CEB43E244C9FC8509/../../cores/e3c922334e8d4774697600179ee3a89c/core.a(Print.cpp.o)
Print::write(char const*)                         /private/var/folders/5s/zdgmyl_x3j78f5jh7b12xr2r0000gn/T/arduino/sketches/641F1B77AC28B78CEB43E244C9FC8509/../../cores/e3c922334e8d4774697600179ee3a89c/core.a(Print.cpp.o)
Print::write(unsigned char const*, unsigned int)  /private/var/folders/5s/zdgmyl_x3j78f5jh7b12xr2r0000gn/T/arduino/sketches/641F1B77AC28B78CEB43E244C9FC8509/../../cores/e3c922334e8d4774697600179ee3a89c/core.a(Print.cpp.o)
                                                  /private/var/folders/5s/zdgmyl_x3j78f5jh7b12xr2r0000gn/T/arduino/sketches/641F1B77AC28B78CEB43E244C9FC8509/../../cores/e3c922334e8d4774697600179ee3a89c/core.a(Uart.cpp.o)
QDEC_IRQHandler                                   /private/var/folders/5s/zdgmyl_x3j78f5jh7b12xr2r0000gn/T/arduino/sketches/641F1B77AC28B78CEB43E244C9FC8509/../../cores/e3c922334e8d4774697600179ee3a89c/core.a(gcc_startup_nrf51.S.o)
RADIO_IRQHandler                                  /private/var/folders/5s/zdgmyl_x3j78f5jh7b12xr2r0000gn/T/arduino/sketches/641F1B77AC28B78CEB43E244C9FC8509/../../cores/e3c922334e8d4774697600179ee3a89c/core.a(gcc_startup_nrf51.S.o)
RNG_IRQHandler                                    /private/var/folders/5s/zdgmyl_x3j78f5jh7b12xr2r0000gn/T/arduino/sketches/641F1B77AC28B78CEB43E244C9FC8509/../../cores/e3c922334e8d4774697600179ee3a89c/core.a(gcc_startup_nrf51.S.o)
RTC0_IRQHandler                                   /private/var/folders/5s/zdgmyl_x3j78f5jh7b12xr2r0000gn/T/arduino/sketches/641F1B77AC28B78CEB43E244C9FC8509/../../cores/e3c922334e8d4774697600179ee3a89c/core.a(gcc_startup_nrf51.S.o)
RTC1_IRQHandler                                   /private/var/folders/5s/zdgmyl_x3j78f5jh7b12xr2r0000gn/T/arduino/sketches/641F1B77AC28B78CEB43E244C9FC8509/../../cores/e3c922334e8d4774697600179ee3a89c/core.a(delay.c.o)
                                                  /private/var/folders/5s/zdgmyl_x3j78f5jh7b12xr2r0000gn/T/arduino/sketches/641F1B77AC28B78CEB43E244C9FC8509/../../cores/e3c922334e8d4774697600179ee3a89c/core.a(gcc_startup_nrf51.S.o)
Reset_Handler                                     /private/var/folders/5s/zdgmyl_x3j78f5jh7b12xr2r0000gn/T/arduino/sketches/641F1B77AC28B78CEB43E244C9FC8509/../../cores/e3c922334e8d4774697600179ee3a89c/core.a(gcc_startup_nrf51.S.o)
RingBuffer::RingBuffer()                          /private/var/folders/5s/zdgmyl_x3j78f5jh7b12xr2r0000gn/T/arduino/sketches/641F1B77AC28B78CEB43E244C9FC8509/../../cores/e3c922334e8d4774697600179ee3a89c/core.a(RingBuffer.cpp.o)
RingBuffer::RingBuffer()                          /private/var/folders/5s/zdgmyl_x3j78f5jh7b12xr2r0000gn/T/arduino/sketches/641F1B77AC28B78CEB43E244C9FC8509/../../cores/e3c922334e8d4774697600179ee3a89c/core.a(RingBuffer.cpp.o)
                                                  /private/var/folders/5s/zdgmyl_x3j78f5jh7b12xr2r0000gn/T/arduino/sketches/641F1B77AC28B78CEB43E244C9FC8509/../../cores/e3c922334e8d4774697600179ee3a89c/core.a(Uart.cpp.o)
RingBuffer::available()                           /private/var/folders/5s/zdgmyl_x3j78f5jh7b12xr2r0000gn/T/arduino/sketches/641F1B77AC28B78CEB43E244C9FC8509/../../cores/e3c922334e8d4774697600179ee3a89c/core.a(RingBuffer.cpp.o)
                                                  /private/var/folders/5s/zdgmyl_x3j78f5jh7b12xr2r0000gn/T/arduino/sketches/641F1B77AC28B78CEB43E244C9FC8509/../../cores/e3c922334e8d4774697600179ee3a89c/core.a(Uart.cpp.o)
RingBuffer::clear()                               /private/var/folders/5s/zdgmyl_x3j78f5jh7b12xr2r0000gn/T/arduino/sketches/641F1B77AC28B78CEB43E244C9FC8509/../../cores/e3c922334e8d4774697600179ee3a89c/core.a(RingBuffer.cpp.o)
                                                  /private/var/folders/5s/zdgmyl_x3j78f5jh7b12xr2r0000gn/T/arduino/sketches/641F1B77AC28B78CEB43E244C9FC8509/../../cores/e3c922334e8d4774697600179ee3a89c/core.a(Uart.cpp.o)
RingBuffer::isFull()                              /private/var/folders/5s/zdgmyl_x3j78f5jh7b12xr2r0000gn/T/arduino/sketches/641F1B77AC28B78CEB43E244C9FC8509/../../cores/e3c922334e8d4774697600179ee3a89c/core.a(RingBuffer.cpp.o)
RingBuffer::nextIndex(int)                        /private/var/folders/5s/zdgmyl_x3j78f5jh7b12xr2r0000gn/T/arduino/sketches/641F1B77AC28B78CEB43E244C9FC8509/../../cores/e3c922334e8d4774697600179ee3a89c/core.a(RingBuffer.cpp.o)
RingBuffer::peek()                                /private/var/folders/5s/zdgmyl_x3j78f5jh7b12xr2r0000gn/T/arduino/sketches/641F1B77AC28B78CEB43E244C9FC8509/../../cores/e3c922334e8d4774697600179ee3a89c/core.a(RingBuffer.cpp.o)
                                                  /private/var/folders/5s/zdgmyl_x3j78f5jh7b12xr2r0000gn/T/arduino/sketches/641F1B77AC28B78CEB43E244C9FC8509/../../cores/e3c922334e8d4774697600179ee3a89c/core.a(Uart.cpp.o)
RingBuffer::read_char()                           /private/var/folders/5s/zdgmyl_x3j78f5jh7b12xr2r0000gn/T/arduino/sketches/641F1B77AC28B78CEB43E244C9FC8509/../../cores/e3c922334e8d4774697600179ee3a89c/core.a(RingBuffer.cpp.o)
                                                  /private/var/folders/5s/zdgmyl_x3j78f5jh7b12xr2r0000gn/T/arduino/sketches/641F1B77AC28B78CEB43E244C9FC8509/../../cores/e3c922334e8d4774697600179ee3a89c/core.a(Uart.cpp.o)
RingBuffer::store_char(unsigned char)             /private/var/folders/5s/zdgmyl_x3j78f5jh7b12xr2r0000gn/T/arduino/sketches/641F1B77AC28B78CEB43E244C9FC8509/../../cores/e3c922334e8d4774697600179ee3a89c/core.a(RingBuffer.cpp.o)
                                                  /private/var/folders/5s/zdgmyl_x3j78f5jh7b12xr2r0000gn/T/arduino/sketches/641F1B77AC28B78CEB43E244C9FC8509/../../cores/e3c922334e8d4774697600179ee3a89c/core.a(Uart.cpp.o)
SPI0_TWI0_IRQHandler                              /private/var/folders/5s/zdgmyl_x3j78f5jh7b12xr2r0000gn/T/arduino/sketches/641F1B77AC28B78CEB43E244C9FC8509/../../cores/e3c922334e8d4774697600179ee3a89c/core.a(gcc_startup_nrf51.S.o)
SPI1_TWI1_IRQHandler                              /private/var/folders/5s/zdgmyl_x3j78f5jh7b12xr2r0000gn/T/arduino/sketches/641F1B77AC28B78CEB43E244C9FC8509/../../cores/e3c922334e8d4774697600179ee3a89c/core.a(gcc_startup_nrf51.S.o)
SVC_Handler                                       /private/var/folders/5s/zdgmyl_x3j78f5jh7b12xr2r0000gn/T/arduino/sketches/641F1B77AC28B78CEB43E244C9FC8509/../../cores/e3c922334e8d4774697600179ee3a89c/core.a(gcc_startup_nrf51.S.o)
SWI0_IRQHandler                                   /private/var/folders/5s/zdgmyl_x3j78f5jh7b12xr2r0000gn/T/arduino/sketches/641F1B77AC28B78CEB43E244C9FC8509/../../cores/e3c922334e8d4774697600179ee3a89c/core.a(gcc_startup_nrf51.S.o)
SWI1_IRQHandler                                   /private/var/folders/5s/zdgmyl_x3j78f5jh7b12xr2r0000gn/T/arduino/sketches/641F1B77AC28B78CEB43E244C9FC8509/../../cores/e3c922334e8d4774697600179ee3a89c/core.a(gcc_startup_nrf51.S.o)
SWI2_IRQHandler                                   /private/var/folders/5s/zdgmyl_x3j78f5jh7b12xr2r0000gn/T/arduino/sketches/641F1B77AC28B78CEB43E244C9FC8509/../../cores/e3c922334e8d4774697600179ee3a89c/core.a(gcc_startup_nrf51.S.o)
SWI3_IRQHandler                                   /private/var/folders/5s/zdgmyl_x3j78f5jh7b12xr2r0000gn/T/arduino/sketches/641F1B77AC28B78CEB43E244C9FC8509/../../cores/e3c922334e8d4774697600179ee3a89c/core.a(gcc_startup_nrf51.S.o)
SWI4_IRQHandler                                   /private/var/folders/5s/zdgmyl_x3j78f5jh7b12xr2r0000gn/T/arduino/sketches/641F1B77AC28B78CEB43E244C9FC8509/../../cores/e3c922334e8d4774697600179ee3a89c/core.a(gcc_startup_nrf51.S.o)
SWI5_IRQHandler                                   /private/var/folders/5s/zdgmyl_x3j78f5jh7b12xr2r0000gn/T/arduino/sketches/641F1B77AC28B78CEB43E244C9FC8509/../../cores/e3c922334e8d4774697600179ee3a89c/core.a(gcc_startup_nrf51.S.o)
Serial                                            /private/var/folders/5s/zdgmyl_x3j78f5jh7b12xr2r0000gn/T/arduino/sketches/641F1B77AC28B78CEB43E244C9FC8509/../../cores/e3c922334e8d4774697600179ee3a89c/core.a(Uart.cpp.o)
                                                  /private/var/folders/5s/zdgmyl_x3j78f5jh7b12xr2r0000gn/T/arduino/sketches/641F1B77AC28B78CEB43E244C9FC8509/sketch/watering_system.ino.cpp.o
SysTick_Handler                                   /private/var/folders/5s/zdgmyl_x3j78f5jh7b12xr2r0000gn/T/arduino/sketches/641F1B77AC28B78CEB43E244C9FC8509/../../cores/e3c922334e8d4774697600179ee3a89c/core.a(gcc_startup_nrf51.S.o)
SystemCoreClock                                   /private/var/folders/5s/zdgmyl_x3j78f5jh7b12xr2r0000gn/T/arduino/sketches/641F1B77AC28B78CEB43E244C9FC8509/../../cores/e3c922334e8d4774697600179ee3a89c/core.a(system_nrf51.c.o)
SystemCoreClockUpdate                             /private/var/folders/5s/zdgmyl_x3j78f5jh7b12xr2r0000gn/T/arduino/sketches/641F1B77AC28B78CEB43E244C9FC8509/../../cores/e3c922334e8d4774697600179ee3a89c/core.a(system_nrf51.c.o)
SystemInit                                        /private/var/folders/5s/zdgmyl_x3j78f5jh7b12xr2r0000gn/T/arduino/sketches/641F1B77AC28B78CEB43E244C9FC8509/../../cores/e3c922334e8d4774697600179ee3a89c/core.a(system_nrf51.c.o)
                                                  /private/var/folders/5s/zdgmyl_x3j78f5jh7b12xr2r0000gn/T/arduino/sketches/641F1B77AC28B78CEB43E244C9FC8509/../../cores/e3c922334e8d4774697600179ee3a89c/core.a(gcc_startup_nrf51.S.o)
TEMP_IRQHandler                                   /private/var/folders/5s/zdgmyl_x3j78f5jh7b12xr2r0000gn/T/arduino/sketches/641F1B77AC28B78CEB43E244C9FC8509/../../cores/e3c922334e8d4774697600179ee3a89c/core.a(gcc_startup_nrf51.S.o)
TIMER0_IRQHandler                                 /private/var/folders/5s/zdgmyl_x3j78f5jh7b12xr2r0000gn/T/arduino/sketches/641F1B77AC28B78CEB43E244C9FC8509/../../cores/e3c922334e8d4774697600179ee3a89c/core.a(gcc_startup_nrf51.S.o)
TIMER1_IRQHandler                                 /private/var/folders/5s/zdgmyl_x3j78f5jh7b12xr2r0000gn/T/arduino/sketches/641F1B77AC28B78CEB43E244C9FC8509/../../cores/e3c922334e8d4774697600179ee3a89c/core.a(gcc_startup_nrf51.S.o)
TIMER2_IRQHandler                                 /private/var/folders/5s/zdgmyl_x3j78f5jh7b12xr2r0000gn/T/arduino/sketches/641F1B77AC28B78CEB43E244C9FC8509/../../cores/e3c922334e8d4774697600179ee3a89c/core.a(gcc_startup_nrf51.S.o)
UART0_IRQHandler                                  /private/var/folders/5s/zdgmyl_x3j78f5jh7b12xr2r0000gn/T/arduino/sketches/641F1B77AC28B78CEB43E244C9FC8509/../../cores/e3c922334e8d4774697600179ee3a89c/core.a(Uart.cpp.o)
                                                  /private/var/folders/5s/zdgmyl_x3j78f5jh7b12xr2r0000gn/T/arduino/sketches/641F1B77AC28B78CEB43E244C9FC8509/../../cores/e3c922334e8d4774697600179ee3a89c/core.a(gcc_startup_nrf51.S.o)
Uart::IrqHandler()                                /private/var/folders/5s/zdgmyl_x3j78f5jh7b12xr2r0000gn/T/arduino/sketches/641F1B77AC28B78CEB43E244C9FC8509/../../cores/e3c922334e8d4774697600179ee3a89c/core.a(Uart.cpp.o)
Uart::Uart(NRF_UART_Type*, IRQn_Type, unsigned char, unsigned char) /private/var/folders/5s/zdgmyl_x3j78f5jh7b12xr2r0000gn/T/arduino/sketches/641F1B77AC28B78CEB43E244C9FC8509/../../cores/e3c922334e8d4774697600179ee3a89c/core.a(Uart.cpp.o)
Uart::Uart(NRF_UART_Type*, IRQn_Type, unsigned char, unsigned char) /private/var/folders/5s/zdgmyl_x3j78f5jh7b12xr2r0000gn/T/arduino/sketches/641F1B77AC28B78CEB43E244C9FC8509/../../cores/e3c922334e8d4774697600179ee3a89c/core.a(Uart.cpp.o)
Uart::Uart(NRF_UART_Type*, IRQn_Type, unsigned char, unsigned char, unsigned char, unsigned char) /private/var/folders/5s/zdgmyl_x3j78f5jh7b12xr2r0000gn/T/arduino/sketches/641F1B77AC28B78CEB43E244C9FC8509/../../cores/e3c922334e8d4774697600179ee3a89c/core.a(Uart.cpp.o)
Uart::Uart(NRF_UART_Type*, IRQn_Type, unsigned char, unsigned char, unsigned char, unsigned char) /private/var/folders/5s/zdgmyl_x3j78f5jh7b12xr2r0000gn/T/arduino/sketches/641F1B77AC28B78CEB43E244C9FC8509/../../cores/e3c922334e8d4774697600179ee3a89c/core.a(Uart.cpp.o)
Uart::available()                                 /private/var/folders/5s/zdgmyl_x3j78f5jh7b12xr2r0000gn/T/arduino/sketches/641F1B77AC28B78CEB43E244C9FC8509/../../cores/e3c922334e8d4774697600179ee3a89c/core.a(Uart.cpp.o)
Uart::begin(unsigned long)                        /private/var/folders/5s/zdgmyl_x3j78f5jh7b12xr2r0000gn/T/arduino/sketches/641F1B77AC28B78CEB43E244C9FC8509/../../cores/e3c922334e8d4774697600179ee3a89c/core.a(Uart.cpp.o)
                                                  /private/var/folders/5s/zdgmyl_x3j78f5jh7b12xr2r0000gn/T/arduino/sketches/641F1B77AC28B78CEB43E244C9FC8509/sketch/watering_system.ino.cpp.o
Uart::begin(unsigned long, unsigned short)        /private/var/folders/5s/zdgmyl_x3j78f5jh7b12xr2r0000gn/T/arduino/sketches/641F1B77AC28B78CEB43E244C9FC8509/../../cores/e3c922334e8d4774697600179ee3a89c/core.a(Uart.cpp.o)
Uart::end()                                       /private/var/folders/5s/zdgmyl_x3j78f5jh7b12xr2r0000gn/T/arduino/sketches/641F1B77AC28B78CEB43E244C9FC8509/../../cores/e3c922334e8d4774697600179ee3a89c/core.a(Uart.cpp.o)
Uart::flush()                                     /private/var/folders/5s/zdgmyl_x3j78f5jh7b12xr2r0000gn/T/arduino/sketches/641F1B77AC28B78CEB43E244C9FC8509/../../cores/e3c922334e8d4774697600179ee3a89c/core.a(Uart.cpp.o)
Uart::operator bool()                             /private/var/folders/5s/zdgmyl_x3j78f5jh7b12xr2r0000gn/T/arduino/sketches/641F1B77AC28B78CEB43E244C9FC8509/../../cores/e3c922334e8d4774697600179ee3a89c/core.a(Uart.cpp.o)
Uart::peek()                                      /private/var/folders/5s/zdgmyl_x3j78f5jh7b12xr2r0000gn/T/arduino/sketches/641F1B77AC28B78CEB43E244C9FC8509/../../cores/e3c922334e8d4774697600179ee3a89c/core.a(Uart.cpp.o)
Uart::read()                                      /private/var/folders/5s/zdgmyl_x3j78f5jh7b12xr2r0000gn/T/arduino/sketches/641F1B77AC28B78CEB43E244C9FC8509/../../cores/e3c922334e8d4774697600179ee3a89c/core.a(Uart.cpp.o)
Uart::write(unsigned char)                        /private/var/folders/5s/zdgmyl_x3j78f5jh7b12xr2r0000gn/T/arduino/sketches/641F1B77AC28B78CEB43E244C9FC8509/../../cores/e3c922334e8d4774697600179ee3a89c/core.a(Uart.cpp.o)
WDT_IRQHandler                                    /private/var/folders/5s/zdgmyl_x3j78f5jh7b12xr2r0000gn/T/arduino/sketches/641F1B77AC28B78CEB43E244C9FC8509/../../cores/e3c922334e8d4774697600179ee3a89c/core.a(gcc_startup_nrf51.S.o)
_ITM_deregisterTMCloneTable                       /Users/peterscheidt/Library/Arduino15/packages/sandeepmistry/tools/gcc-arm-none-eabi/5_2-2015q4/bin/../lib/gcc/arm-none-eabi/5.2.1/armv6-m/crtbegin.o
_ITM_registerTMCloneTable                         /Users/peterscheidt/Library/Arduino15/packages/sandeepmistry/tools/gcc-arm-none-eabi/5_2-2015q4/bin/../lib/gcc/arm-none-eabi/5.2.1/armv6-m/crtbegin.o
_Jv_RegisterClasses                               /Users/peterscheidt/Library/Arduino15/packages/sandeepmistry/tools/gcc-arm-none-eabi/5_2-2015q4/bin/../lib/gcc/arm-none-eabi/5.2.1/armv6-m/crtbegin.o
__HeapBase                                        /private/var/folders/5s/zdgmyl_x3j78f5jh7b12xr2r0000gn/T/arduino/sketches/641F1B77AC28B78CEB43E244C9FC8509/../../cores/e3c922334e8d4774697600179ee3a89c/core.a(gcc_startup_nrf51.S.o)
__HeapLimit                                       /private/var/folders/5s/zdgmyl_x3j78f5jh7b12xr2r0000gn/T/arduino/sketches/641F1B77AC28B78CEB43E244C9FC8509/../../cores/e3c922334e8d4774697600179ee3a89c/core.a(gcc_startup_nrf51.S.o)
__StackLimit                                      /private/var/folders/5s/zdgmyl_x3j78f5jh7b12xr2r0000gn/T/arduino/sketches/641F1B77AC28B78CEB43E244C9FC8509/../../cores/e3c922334e8d4774697600179ee3a89c/core.a(gcc_startup_nrf51.S.o)
__StackTop                                        /private/var/folders/5s/zdgmyl_x3j78f5jh7b12xr2r0000gn/T/arduino/sketches/641F1B77AC28B78CEB43E244C9FC8509/../../cores/e3c922334e8d4774697600179ee3a89c/core.a(gcc_startup_nrf51.S.o)
__TMC_END__                                       /Users/peterscheidt/Library/Arduino15/packages/sandeepmistry/tools/gcc-arm-none-eabi/5_2-2015q4/bin/../lib/gcc/arm-none-eabi/5.2.1/armv6-m/crtend.o
                                                  /Users/peterscheidt/Library/Arduino15/packages/sandeepmistry/tools/gcc-arm-none-eabi/5_2-2015q4/bin/../lib/gcc/arm-none-eabi/5.2.1/armv6-m/crtbegin.o
__aeabi_cdcmpeq                                   /Users/peterscheidt/Library/Arduino15/packages/sandeepmistry/tools/gcc-arm-none-eabi/5_2-2015q4/bin/../lib/gcc/arm-none-eabi/5.2.1/armv6-m/libgcc.a(_arm_cmpdf2.o)
__aeabi_cdcmple                                   /Users/peterscheidt/Library/Arduino15/packages/sandeepmistry/tools/gcc-arm-none-eabi/5_2-2015q4/bin/../lib/gcc/arm-none-eabi/5.2.1/armv6-m/libgcc.a(_arm_cmpdf2.o)
__aeabi_cdrcmple                                  /Users/peterscheidt/Library/Arduino15/packages/sandeepmistry/tools/gcc-arm-none-eabi/5_2-2015q4/bin/../lib/gcc/arm-none-eabi/5.2.1/armv6-m/libgcc.a(_arm_cmpdf2.o)
__aeabi_d2iz                                      /Users/peterscheidt/Library/Arduino15/packages/sandeepmistry/tools/gcc-arm-none-eabi/5_2-2015q4/bin/../lib/gcc/arm-none-eabi/5.2.1/armv6-m/libgcc.a(fixdfsi.o)
                                                  /Users/peterscheidt/Library/Arduino15/packages/sandeepmistry/tools/gcc-arm-none-eabi/5_2-2015q4/bin/../lib/gcc/arm-none-eabi/5.2.1/armv6-m/libgcc.a(_fixunsdfsi.o)
                                                  /private/var/folders/5s/zdgmyl_x3j78f5jh7b12xr2r0000gn/T/arduino/sketches/641F1B77AC28B78CEB43E244C9FC8509/../../cores/e3c922334e8d4774697600179ee3a89c/core.a(Print.cpp.o)
__aeabi_d2uiz                                     /Users/peterscheidt/Library/Arduino15/packages/sandeepmistry/tools/gcc-arm-none-eabi/5_2-2015q4/bin/../lib/gcc/arm-none-eabi/5.2.1/armv6-m/libgcc.a(_fixunsdfsi.o)
                                                  /private/var/folders/5s/zdgmyl_x3j78f5jh7b12xr2r0000gn/T/arduino/sketches/641F1B77AC28B78CEB43E244C9FC8509/../../cores/e3c922334e8d4774697600179ee3a89c/core.a(Print.cpp.o)
__aeabi_dadd                                      /Users/peterscheidt/Library/Arduino15/packages/sandeepmistry/tools/gcc-arm-none-eabi/5_2-2015q4/bin/../lib/gcc/arm-none-eabi/5.2.1/armv6-m/libgcc.a(adddf3.o)
                                                  /private/var/folders/5s/zdgmyl_x3j78f5jh7b12xr2r0000gn/T/arduino/sketches/641F1B77AC28B78CEB43E244C9FC8509/../../cores/e3c922334e8d4774697600179ee3a89c/core.a(Print.cpp.o)
__aeabi_dcmpeq                                    /Users/peterscheidt/Library/Arduino15/packages/sandeepmistry/tools/gcc-arm-none-eabi/5_2-2015q4/bin/../lib/gcc/arm-none-eabi/5.2.1/armv6-m/libgcc.a(_arm_cmpdf2.o)
__aeabi_dcmpge                                    /Users/peterscheidt/Library/Arduino15/packages/sandeepmistry/tools/gcc-arm-none-eabi/5_2-2015q4/bin/../lib/gcc/arm-none-eabi/5.2.1/armv6-m/libgcc.a(_arm_cmpdf2.o)
                                                  /Users/peterscheidt/Library/Arduino15/packages/sandeepmistry/tools/gcc-arm-none-eabi/5_2-2015q4/bin/../lib/gcc/arm-none-eabi/5.2.1/armv6-m/libgcc.a(_fixunsdfsi.o)
__aeabi_dcmpgt                                    /Users/peterscheidt/Library/Arduino15/packages/sandeepmistry/tools/gcc-arm-none-eabi/5_2-2015q4/bin/../lib/gcc/arm-none-eabi/5.2.1/armv6-m/libgcc.a(_arm_cmpdf2.o)
                                                  /private/var/folders/5s/zdgmyl_x3j78f5jh7b12xr2r0000gn/T/arduino/sketches/641F1B77AC28B78CEB43E244C9FC8509/../../cores/e3c922334e8d4774697600179ee3a89c/core.a(Print.cpp.o)
__aeabi_dcmple                                    /Users/peterscheidt/Library/Arduino15/packages/sandeepmistry/tools/gcc-arm-none-eabi/5_2-2015q4/bin/../lib/gcc/arm-none-eabi/5.2.1/armv6-m/libgcc.a(_arm_cmpdf2.o)
__aeabi_dcmplt                                    /Users/peterscheidt/Library/Arduino15/packages/sandeepmistry/tools/gcc-arm-none-eabi/5_2-2015q4/bin/../lib/gcc/arm-none-eabi/5.2.1/armv6-m/libgcc.a(_arm_cmpdf2.o)
                                                  /private/var/folders/5s/zdgmyl_x3j78f5jh7b12xr2r0000gn/T/arduino/sketches/641F1B77AC28B78CEB43E244C9FC8509/../../cores/e3c922334e8d4774697600179ee3a89c/core.a(Print.cpp.o)
__aeabi_ddiv                                      /Users/peterscheidt/Library/Arduino15/packages/sandeepmistry/tools/gcc-arm-none-eabi/5_2-2015q4/bin/../lib/gcc/arm-none-eabi/5.2.1/armv6-m/libgcc.a(divdf3.o)
                                                  /private/var/folders/5s/zdgmyl_x3j78f5jh7b12xr2r0000gn/T/arduino/sketches/641F1B77AC28B78CEB43E244C9FC8509/../../cores/e3c922334e8d4774697600179ee3a89c/core.a(Print.cpp.o)
__aeabi_dmul                                      /Users/peterscheidt/Library/Arduino15/packages/sandeepmistry/tools/gcc-arm-none-eabi/5_2-2015q4/bin/../lib/gcc/arm-none-eabi/5.2.1/armv6-m/libgcc.a(muldf3.o)